#
# A fatal error has been detected by the Java Runtime Environment:
#
#  EXCEPTION_ACCESS_VIOLATION (0xc0000005) at pc=0x00000130b174ce85, pid=46640, tid=19584
#
# JRE version: OpenJDK Runtime Environment (26.0+35) (build 26+35-2893)
# Java VM: OpenJDK 64-Bit Server VM (26+35-2893, mixed mode, tiered, compressed oops, compressed class ptrs, g1 gc, windows-amd64)
# Problematic frame:
# v  ~BufferBlob::jni_fast_GetLongField 0x00000130b174ce85
#
# No core dump will be written. Minidumps are not enabled by default on client versions of Windows
#
# If you would like to submit a bug report, please visit:
#   https://bugreport.java.com/bugreport/crash.jsp
# The crash happened outside the Java Virtual Machine in native code.
# See problematic frame for where to report the bug.
#

---------------  S U M M A R Y ------------

Command Line: -Djpackage.app-version=7.1 -Djava.library.path=C:\Users\jerem\AppData\Local\ELAN_7.1\app/nativelib -Xms128m -Xmx1536m -Delan.properties=C:\Users\jerem\AppData\Local\ELAN_7.1\app/elan.properties -Dswing.aatext=true -Dsun.net.client.defaultConnectTimeout=-1 -Dapp.extensions.dir=C:\Users\jerem\AppData\Local\ELAN_7.1\app/extensions -Dhsqldb.reconfig_logging=false --add-opens=java.base/java.lang=ALL-UNNAMED -Djava.util.logging.config.file=C:\Users\jerem\AppData\Local\ELAN_7.1\app/elanlog.properties -Dsun.java2d.uiScale.enabled=true -Djpackage.app-path=C:\Users\jerem\AppData\Local\ELAN_7.1\ELAN_7.1.exe mpi.eudico.client.annotator.ELAN C:\Users\jerem\OneDrive - University of Toronto\SiR\francoprovencal\PERRONY pages\aligned_audios\chapter1.eaf

Host: 13th Gen Intel(R) Core(TM) i5-1340P, 16 cores, 15G,  Windows 11 , 64 bit Build 26100 (10.0.26100.8246)
Time: Mon May 11 09:55:41 2026 Eastern Daylight Time elapsed time: 2402.048796 seconds (0d 0h 40m 2s)

---------------  T H R E A D  ---------------

Current thread (0x00000130c33261e0):  JavaThread "AWT-Windows" daemon [_thread_in_native, id=19584, stack(0x00000002bb900000,0x00000002bba00000) (1024K)]

Stack: [0x00000002bb900000,0x00000002bba00000],  sp=0x00000002bb9ff228,  free space=1020k
Native frames: (J=compiled Java code, j=interpreted, Vv=VM code, C=native code)
C  0x00000130b174ce85  (no source info available)

The last pc belongs to jni_fast_GetLongField (printed below).
Java frames: (J=compiled Java code, j=interpreted, Vv=VM code)
j  sun.awt.windows.WToolkit.eventLoop()V+0 java.desktop@26
j  sun.awt.windows.WToolkit.run()V+56 java.desktop@26
j  java.lang.Thread.runWith(Ljava/lang/Object;Ljava/lang/Runnable;)V+5 java.base@26
j  java.lang.Thread.run()V+19 java.base@26
v  ~StubRoutines::Stub Generator call_stub_stub 0x00000130b16e18e2

siginfo: EXCEPTION_ACCESS_VIOLATION (0xc0000005), reading address 0x0000000000000000


Registers:
RAX=0x00007ff9683084d0, RBX=0x00000130c76cba40, RCX=0x00000130c3326610, RDX=0x0000000000000000
RSP=0x00000002bb9ff228, RBP=0x0000000000000000, RSI=0x0000000000000000, RDI=0x00000130c3326610
R8 =0x0000000000000042, R9 =0x0000000000000000, R10=0x0000000000000010, R11=0x000000000000018c
R12=0x0000000000000000, R13=0x0000000000000001, R14=0x0000000000000000, R15=0x0000000000000000
RIP=0x00000130b174ce85, EFLAGS=0x0000000000010246

XMM[0]=0x0000000000000000 0x0000000000000000
XMM[1]=0x0000000000000000 0x0000000000000000
XMM[2]=0x0000000000000000 0x0000000000000000
XMM[3]=0x0000000000000000 0x0000000000000000
XMM[4]=0x0000000000000000 0x0000000000000000
XMM[5]=0x0000000000000000 0x0000000000000000
XMM[6]=0x0000000000000000 0x0000000000000000
XMM[7]=0x0000000000000000 0x0000000000000000
XMM[8]=0x0000000000000000 0x0000000000000000
XMM[9]=0x0000000000000000 0x0000000000000000
XMM[10]=0x0000000000000000 0x0000000000000000
XMM[11]=0x0000000000000000 0x0000000000000000
XMM[12]=0x0000000000000000 0x0000000000000000
XMM[13]=0x0000000000000000 0x0000000000000000
XMM[14]=0x0000000000000000 0x0000000000000000
XMM[15]=0x0000000000000000 0x0000000000000000
  MXCSR=0x00001fa0


Register to memory mapping:

RAX=0x00007ff9683084d0 jvm.dll
RBX=0x00000130c76cba40 points into unknown readable memory: 0x0000000000000000 | 00 00 00 00 00 00 00 00
RCX=0x00000130c3326610 points into unknown readable memory: 0x00007ff9683084d0 | d0 84 30 68 f9 7f 00 00
RDX=0x0 is null
RSP=0x00000002bb9ff228 is pointing into the stack for thread: 0x00000130c33261e0
RBP=0x0 is null
RSI=0x0 is null
RDI=0x00000130c3326610 points into unknown readable memory: 0x00007ff9683084d0 | d0 84 30 68 f9 7f 00 00
R8 =0x0000000000000042 is an unknown value
R9 =0x0 is null
R10=0x0000000000000010 is an unknown value
R11=0x000000000000018c is an unknown value
R12=0x0 is null
R13=0x0000000000000001 is an unknown value
R14=0x0 is null
R15=0x0 is null

Top of Stack: (sp=0x00000002bb9ff228)
0x00000002bb9ff228:   00007ff9b5279919 00000130c76cba40   ..'.....@.l.0...
0x00000002bb9ff238:   00000130c76cba40 0000000000000001   @.l.0...........
0x00000002bb9ff248:   0000000000000000 0000000000000000   ................
0x00000002bb9ff258:   0000000000000000 0000000000000000   ................
0x00000002bb9ff268:   0000000000000000 0000000000000000   ................
0x00000002bb9ff278:   0000000000000000 0000000000000000   ................
0x00000002bb9ff288:   0000000000000000 0000000000000000   ................
0x00000002bb9ff298:   00000130c3326610 0000000000000000   .f2.0...........
0x00000002bb9ff2a8:   0000000000000000 0000000000000000   ................
0x00000002bb9ff2b8:   0000000000000000 0000000000000000   ................
0x00000002bb9ff2c8:   0000000000000000 0000371ea7285ff9   ........._(..7..
0x00000002bb9ff2d8:   0000000000000000 0000000000000000   ................
0x00000002bb9ff2e8:   0000000080000022 0000000000000000   "...............
0x00000002bb9ff2f8:   0000000000000000 0000000000009811   ................
0x00000002bb9ff308:   0000000000000001 0000000000000000   ................
0x00000002bb9ff318:   00007ffa06a0c396 0000000000000000   ................
0x00000002bb9ff328:   0000000000000000 0000000000000001   ................
0x00000002bb9ff338:   0000000000000000 00000002bb9ff378   ........x.......
0x00000002bb9ff348:   0000002f00000058 00007ffa066112d4   X.../.....a.....
0x00000002bb9ff358:   00007ff967ad0fc7 0000000200000000   ...g............
0x00000002bb9ff368:   0000000000000000 0000000100000000   ................
0x00000002bb9ff378:   0000000080000022 0000000000000000   "...............
0x00000002bb9ff388:   0000000000000000 0000000000000000   ................
0x00000002bb9ff398:   00000000012105a4 0000000000009811   ..!.............
0x00000002bb9ff3a8:   00000130c76cba40 0000000000000000   @.l.0...........
0x00000002bb9ff3b8:   0000040c8763534a 00000000000002c9   JSc.............
0x00000002bb9ff3c8:   0000000000000000 00000002bb9ff4e8   ................
0x00000002bb9ff3d8:   00007ffa06a139bf 00000130c33261e0   .9.......a2.0...
0x00000002bb9ff3e8:   00000130c33261e0 000000000000001f   .a2.0...........
0x00000002bb9ff3f8:   00000130c3326610 0000000000000048   .f2.0...H.......
0x00000002bb9ff408:   0000000000000001 0000000000000000   ................
0x00000002bb9ff418:   0000000000000000 0000000000000030   ........0.......

Instructions: (pc=0x00000130b174ce85)
  0x00000130b174cd85:   00 00 00 00 00 00 00 00 00 00 00 00 00 00 00 00
  0x00000130b174cd95:   00 00 00 00 00 00 00 00 00 00 00 00 00 00 00 00
  0x00000130b174cda5:   00 00 00 00 00 00 00 00 00 00 00 00 00 00 00 00
  0x00000130b174cdb5:   00 00 00 00 00 00 00 00 00 00 00 00 00 00 00 00
  0x00000130b174cdc5:   00 00 00 00 00 00 00 00 00 00 00 00 00 00 00 00
  0x00000130b174cdd5:   00 00 00 00 00 00 00 00 00 00 00 00 00 00 00 00
  0x00000130b174cde5:   00 00 00 00 00 00 00 00 00 00 00 00 00 00 00 00
  0x00000130b174cdf5:   00 00 00 00 00 00 00 00 00 00 00 06 00 00 00 01
  0x00000130b174ce05:   00 00 00 00 00 00 00 00 00 00 00 10 4c 11 68 f9
  0x00000130b174ce15:   7f 00 00 a0 cf 74 b1 30 01 00 00 98 01 00 00 00
  0x00000130b174ce25:   00 00 00 58 00 00 00 58 00 00 00 98 01 00 00 00
  0x00000130b174ce35:   00 00 00 00 00 00 00 40 00 ff ff 02 00 00 00 00
  0x00000130b174ce45:   00 00 00 00 00 00 00 00 00 00 00 00 00 00 00 00
  0x00000130b174ce55:   00 00 00 00 00 00 00 00 00 00 00 49 bb a0 4c 3a
  0x00000130b174ce65:   68 f9 7f 00 00 45 8b 1b 4c 8b ca 41 f6 c3 01 0f
  0x00000130b174ce75:   85 26 00 00 00 4d 8b d0 49 c1 ea 02 49 83 e1 fc
=>0x00000130b174ce85:   4d 8b 09 4b 8b 04 11 49 ba a0 4c 3a 68 f9 7f 00
  0x00000130b174ce95:   00 45 3b 1a 0f 85 01 00 00 00 c3 49 ba b0 2b ac
  0x00000130b174cea5:   67 f9 7f 00 00 41 ff e2 00 00 00 00 00 00 00 00
  0x00000130b174ceb5:   00 00 00 00 00 00 00 00 00 00 00 00 00 00 00 00
  0x00000130b174cec5:   00 00 00 00 00 00 00 00 00 00 00 00 00 00 00 00
  0x00000130b174ced5:   00 00 00 00 00 00 00 00 00 00 00 00 00 00 00 00
  0x00000130b174cee5:   00 00 00 00 00 00 00 00 00 00 00 00 00 00 00 00
  0x00000130b174cef5:   00 00 00 00 00 00 00 00 00 00 00 00 00 00 00 00
  0x00000130b174cf05:   00 00 00 00 00 00 00 00 00 00 00 00 00 00 00 00
  0x00000130b174cf15:   00 00 00 00 00 00 00 00 00 00 00 00 00 00 00 00
  0x00000130b174cf25:   00 00 00 00 00 00 00 00 00 00 00 00 00 00 00 00
  0x00000130b174cf35:   00 00 00 00 00 00 00 00 00 00 00 00 00 00 00 00
  0x00000130b174cf45:   00 00 00 00 00 00 00 00 00 00 00 00 00 00 00 00
  0x00000130b174cf55:   00 00 00 00 00 00 00 00 00 00 00 00 00 00 00 00
  0x00000130b174cf65:   00 00 00 00 00 00 00 00 00 00 00 00 00 00 00 00
  0x00000130b174cf75:   00 00 00 00 00 00 00 00 00 00 00 00 00 00 00 00


Stack slot to memory mapping:

stack at sp + 0 slots: 0x00007ff9b5279919 awt.dll
stack at sp + 1 slots: 0x00000130c76cba40 points into unknown readable memory: 0x0000000000000000 | 00 00 00 00 00 00 00 00
stack at sp + 2 slots: 0x00000130c76cba40 points into unknown readable memory: 0x0000000000000000 | 00 00 00 00 00 00 00 00
stack at sp + 3 slots: 0x0000000000000001 is an unknown value
stack at sp + 4 slots: 0x0 is null
stack at sp + 5 slots: 0x0 is null
stack at sp + 6 slots: 0x0 is null
stack at sp + 7 slots: 0x0 is null

Lock stack of current Java thread (top to bottom):

--------------------------------------------------------------------------------
Decoding CodeBlob, name: jni_fast_GetLongField, at  [0x00000130b174ce60, 0x00000130b174cfa0]  320 bytes

Loading hsdis library failed, undisassembled code is shown in MachCode section
[MachCode]
  0x00000130b174ce60: 49bb a04c | 3a68 f97f | 0000 458b | 1b4c 8bca | 41f6 c301 | 0f85 2600 | 0000 4d8b | d049 c1ea 
  0x00000130b174ce80: 0249 83e1 | fc4d 8b09 | 4b8b 0411 | 49ba a04c | 3a68 f97f | 0000 453b | 1a0f 8501 | 0000 00c3 
  0x00000130b174cea0: 49ba b02b | ac67 f97f | 0000 41ff | e200 0000 | 0000 0000 | 0000 0000 | 0000 0000 | 0000 0000 
  0x00000130b174cec0: 0000 0000 | 0000 0000 | 0000 0000 | 0000 0000 | 0000 0000 | 0000 0000 | 0000 0000 | 0000 0000 
  0x00000130b174cee0: 0000 0000 | 0000 0000 | 0000 0000 | 0000 0000 | 0000 0000 | 0000 0000 | 0000 0000 | 0000 0000 
  0x00000130b174cf00: 0000 0000 | 0000 0000 | 0000 0000 | 0000 0000 | 0000 0000 | 0000 0000 | 0000 0000 | 0000 0000 
  0x00000130b174cf20: 0000 0000 | 0000 0000 | 0000 0000 | 0000 0000 | 0000 0000 | 0000 0000 | 0000 0000 | 0000 0000 
  0x00000130b174cf40: 0000 0000 | 0000 0000 | 0000 0000 | 0000 0000 | 0000 0000 | 0000 0000 | 0000 0000 | 0000 0000 
  0x00000130b174cf60: 0000 0000 | 0000 0000 | 0000 0000 | 0000 0000 | 0000 0000 | 0000 0000 | 0000 0000 | 0000 0000 
  0x00000130b174cf80: 0000 0000 | 0000 0000 | 0000 0000 | 0000 0000 | 0000 0000 | 0000 0000 | 0000 0000 | 0000 0000 
[/MachCode]
--------------------------------------------------------------------------------


---------------  P R O C E S S  ---------------

Threads class SMR info:
_java_thread_list=0x00000130c5037140, length=26, elements={
0x00000130bebb5520, 0x00000130beba9f50, 0x00000130bebb8800, 0x00000130bebba3c0,
0x00000130bebc0410, 0x00000130bebbea30, 0x00000130bebcfae0, 0x00000130bebdc360,
0x00000130bed3d100, 0x00000130bed43aa0, 0x00000130c327d750, 0x00000130c33261e0,
0x00000130c370f3c0, 0x00000130c373bf60, 0x00000130a6a1d500, 0x00000130c4903030,
0x00000130c4a8c0e0, 0x00000130c56eae50, 0x00000130c56ea680, 0x00000130c539df80,
0x00000130c6b49500, 0x00000130c539fec0, 0x00000130c530f130, 0x00000130c9734090,
0x00000130c9735fd0, 0x00000130c5a29960
}

Java Threads: ( => current thread )
  0x00000130bebb5520 JavaThread "Reference Handler"          daemon [_thread_blocked, id=36184, stack(0x00000002bac00000,0x00000002bad00000) (1024K)]
  0x00000130beba9f50 JavaThread "Finalizer"                  daemon [_thread_blocked, id=18000, stack(0x00000002bad00000,0x00000002bae00000) (1024K)]
  0x00000130bebb8800 JavaThread "Signal Dispatcher"          daemon [_thread_blocked, id=18016, stack(0x00000002bae00000,0x00000002baf00000) (1024K)]
  0x00000130bebba3c0 JavaThread "Attach Listener"            daemon [_thread_blocked, id=18280, stack(0x00000002baf00000,0x00000002bb000000) (1024K)]
  0x00000130bebc0410 JavaThread "Service Thread"             daemon [_thread_blocked, id=16820, stack(0x00000002bb000000,0x00000002bb100000) (1024K)]
  0x00000130bebbea30 JavaThread "Monitor Deflation Thread"   daemon [_thread_blocked, id=15156, stack(0x00000002bb100000,0x00000002bb200000) (1024K)]
  0x00000130bebcfae0 JavaThread "C2 CompilerThread0"         daemon [_thread_blocked, id=30160, stack(0x00000002bb200000,0x00000002bb300000) (1024K)]
  0x00000130bebdc360 JavaThread "C1 CompilerThread0"         daemon [_thread_blocked, id=46432, stack(0x00000002bb300000,0x00000002bb400000) (1024K)]
  0x00000130bed3d100 JavaThread "Notification Thread"        daemon [_thread_blocked, id=11044, stack(0x00000002bb400000,0x00000002bb500000) (1024K)]
  0x00000130bed43aa0 JavaThread "Common-Cleaner"             daemon [_thread_blocked, id=45332, stack(0x00000002bb500000,0x00000002bb600000) (1024K)]
  0x00000130c327d750 JavaThread "Java2D Disposer"            daemon [_thread_blocked, id=47544, stack(0x00000002bb700000,0x00000002bb800000) (1024K)]
=>0x00000130c33261e0 JavaThread "AWT-Windows"                daemon [_thread_in_native, id=19584, stack(0x00000002bb900000,0x00000002bba00000) (1024K)]
  0x00000130c370f3c0 JavaThread "AWT-Shutdown"                      [_thread_blocked, id=29244, stack(0x00000002bb600000,0x00000002bb700000) (1024K)]
  0x00000130c373bf60 JavaThread "AWT-EventQueue-0"                  [_thread_in_native, id=44800, stack(0x00000002bb800000,0x00000002bb900000) (1024K)]
  0x00000130a6a1d500 JavaThread "DestroyJavaVM"                     [_thread_blocked, id=44440, stack(0x00000002ba300000,0x00000002ba400000) (1024K)]
  0x00000130c4903030 JavaThread "AWT-InputMethodManager"     daemon [_thread_blocked, id=47776, stack(0x00000002bcd00000,0x00000002bce00000) (1024K)]
  0x00000130c4a8c0e0 JavaThread "TimerQueue"                 daemon [_thread_blocked, id=15416, stack(0x00000002bd100000,0x00000002bd200000) (1024K)]
  0x00000130c56eae50 JavaThread "ElanSavedFileWatcher chapter1.eaf" daemon [_thread_blocked, id=27280, stack(0x00000002bbe00000,0x00000002bbf00000) (1024K)]
  0x00000130c56ea680 JavaThread "Thread-4"                          [_thread_blocked, id=42728, stack(0x00000002bbb00000,0x00000002bbc00000) (1024K)]
  0x00000130c539df80 JavaThread "Thread-95"                         [_thread_blocked, id=45480, stack(0x00000002ba100000,0x00000002ba200000) (1024K)]
  0x00000130c6b49500 JavaThread "Thread-97"                         [_thread_blocked, id=41176, stack(0x00000002bba00000,0x00000002bbb00000) (1024K)]
  0x00000130c539fec0 JavaThread "Thread-98"                         [_thread_blocked, id=50048, stack(0x00000002bbc00000,0x00000002bbd00000) (1024K)]
  0x00000130c530f130 JavaThread "ElanSavedFileWatcher chapter2.eaf" daemon [_thread_blocked, id=27400, stack(0x00000002be500000,0x00000002be600000) (1024K)]
  0x00000130c9734090 JavaThread "Thread-128"                        [_thread_blocked, id=29676, stack(0x00000002bf100000,0x00000002bf200000) (1024K)]
  0x00000130c9735fd0 JavaThread "Thread-131"                        [_thread_blocked, id=40328, stack(0x00000002bec00000,0x00000002bed00000) (1024K)]
  0x00000130c5a29960 JavaThread "Thread-132"                        [_thread_blocked, id=43972, stack(0x00000002be800000,0x00000002be900000) (1024K)]
Total: 26

Other Threads:
  0x00000130beb69840 VMThread "VM Thread"                           [id=26868, stack(0x00000002bab00000,0x00000002bac00000) (1024K)]
  0x00000130beb29530 WatcherThread "VM Periodic Task Thread"        [id=39604, stack(0x00000002baa00000,0x00000002bab00000) (1024K)]
  0x00000130a6a52aa0 WorkerThread "GC Thread#0"                     [id=4412, stack(0x00000002ba400000,0x00000002ba500000) (1024K)]
  0x00000130c4923530 WorkerThread "GC Thread#1"                     [id=42396, stack(0x00000002bbf00000,0x00000002bc000000) (1024K)]
  0x00000130c4923950 WorkerThread "GC Thread#2"                     [id=40204, stack(0x00000002bc000000,0x00000002bc100000) (1024K)]
  0x00000130c4923d70 WorkerThread "GC Thread#3"                     [id=17496, stack(0x00000002bc100000,0x00000002bc200000) (1024K)]
  0x00000130c4924190 WorkerThread "GC Thread#4"                     [id=33976, stack(0x00000002bc200000,0x00000002bc300000) (1024K)]
  0x00000130c49245b0 WorkerThread "GC Thread#5"                     [id=48720, stack(0x00000002bc300000,0x00000002bc400000) (1024K)]
  0x00000130c4977d70 WorkerThread "GC Thread#6"                     [id=32624, stack(0x00000002bc400000,0x00000002bc500000) (1024K)]
  0x00000130c4979ba0 WorkerThread "GC Thread#7"                     [id=49292, stack(0x00000002bc500000,0x00000002bc600000) (1024K)]
  0x00000130c497b580 WorkerThread "GC Thread#8"                     [id=21500, stack(0x00000002bc600000,0x00000002bc700000) (1024K)]
  0x00000130c4978610 WorkerThread "GC Thread#9"                     [id=25924, stack(0x00000002bc700000,0x00000002bc800000) (1024K)]
  0x00000130c4978a60 WorkerThread "GC Thread#10"                    [id=49888, stack(0x00000002bc800000,0x00000002bc900000) (1024K)]
  0x00000130c4979300 WorkerThread "GC Thread#11"                    [id=49480, stack(0x00000002bc900000,0x00000002bca00000) (1024K)]
  0x00000130c4979750 WorkerThread "GC Thread#12"                    [id=34148, stack(0x00000002bca00000,0x00000002bcb00000) (1024K)]
  0x00000130a6a67150 ConcurrentGCThread "G1 Main Marker"            [id=25304, stack(0x00000002ba500000,0x00000002ba600000) (1024K)]
  0x00000130a6a67cd0 WorkerThread "G1 Conc#0"                       [id=41620, stack(0x00000002ba600000,0x00000002ba700000) (1024K)]
  0x00000130c497a440 WorkerThread "G1 Conc#1"                       [id=21512, stack(0x00000002bcb00000,0x00000002bcc00000) (1024K)]
  0x00000130c497ace0 WorkerThread "G1 Conc#2"                       [id=47256, stack(0x00000002bcc00000,0x00000002bcd00000) (1024K)]
  0x00000130be9f72d0 WorkerThread "G1 Refinement Workers#0"         [id=12016, stack(0x00000002ba800000,0x00000002ba900000) (1024K)]
  0x00000130be9f6810 ConcurrentGCThread "G1 Refine Control"         [id=17912, stack(0x00000002ba700000,0x00000002ba800000) (1024K)]
  0x00000130be9faa20 ConcurrentGCThread "G1 Service"                [id=25196, stack(0x00000002ba900000,0x00000002baa00000) (1024K)]
Total: 22

Threads with active compile tasks:
Total: 0

VM state: not at safepoint (normal execution)

VM Mutex/Monitor currently owned by a thread: None

Heap address: 0x00000000a0000000, size: 1536 MB, Compressed Oops mode: 32-bit

CDS archive(s) not mapped
Compressed class space mapped at: 0x0000000023000000-0x0000000063000000, reserved size: 1073741824
UseCompressedClassPointers 1, UseCompactObjectHeaders 0
Narrow klass pointer bits 32, Max shift 3
Narrow klass base: 0x0000000000000000, Narrow klass shift: 0
Encoding Range: [0x0000000000000000 - 0x0000000100000000), (4294967296 bytes)
Klass Range:    [0x0000000023000000 - 0x0000000063000000), (1073741824 bytes)
Klass ID Range:  [587202560 - 1660944377) (1073741817)
No protection zone.

GC Precious Log:
 CardTable entry size: 512
 Card Set container configuration: InlinePtr #cards 5 size 8 Array Of Cards #cards 10 size 36 Howl #buckets 4 coarsen threshold 1843 Howl Bitmap #cards 512 size 80 coarsen threshold 460 Card regions per heap region 1 cards per card region 2048
 CPUs: 16 total, 16 available
 Memory: 16095M
 Large Page Support: Disabled
 NUMA Support: Disabled
 Compressed Oops: Enabled (32-bit)
 Heap Region Size: 1M
 Heap Min Capacity: 128M
 Heap Initial Capacity: 128M
 Heap Max Capacity: 1536M
 Pre-touch: Disabled
 Parallel Workers: 13
 Concurrent Workers: 3
 Concurrent Refinement Workers: 13
 Periodic GC: Disabled

Heap:
 garbage-first heap   total reserved 1572864K, committed 153600K, used 87571K [0x00000000a0000000, 0x0000000100000000)
  region size 1M, 16 eden (16M), 5 survivor (5M), 63 old (63M), 4 humongous (4M), 62 free (62M)

Heap Regions: E=young(eden), S=young(survivor), O=old, HS=humongous(starts), HC=humongous(continues), CS=collection set, F=free, TAMS=top-at-mark-start, PB=parsable bottom
|    0|0x00000000a0000000, 0x00000000a0100000, 0x00000000a0100000|100%| O|  |TAMS 0x00000000a0000000| PB 0x00000000a0000000| Untracked |  0
|    1|0x00000000a0100000, 0x00000000a0200000, 0x00000000a0200000|100%| O|  |TAMS 0x00000000a0100000| PB 0x00000000a0100000| Untracked |  0
|    2|0x00000000a0200000, 0x00000000a0200000, 0x00000000a0300000|  0%| F|  |TAMS 0x00000000a0200000| PB 0x00000000a0200000| Untracked |  0
|    3|0x00000000a0300000, 0x00000000a0400000, 0x00000000a0400000|100%| O|  |TAMS 0x00000000a0300000| PB 0x00000000a0300000| Untracked |  0
|    4|0x00000000a0400000, 0x00000000a0500000, 0x00000000a0500000|100%| O|  |TAMS 0x00000000a0400000| PB 0x00000000a0400000| Untracked |  0
|    5|0x00000000a0500000, 0x00000000a0500000, 0x00000000a0600000|  0%| F|  |TAMS 0x00000000a0500000| PB 0x00000000a0500000| Untracked |  0
|    6|0x00000000a0600000, 0x00000000a0700000, 0x00000000a0700000|100%| O|  |TAMS 0x00000000a0600000| PB 0x00000000a0600000| Untracked |  0
|    7|0x00000000a0700000, 0x00000000a0800000, 0x00000000a0800000|100%| O|  |TAMS 0x00000000a0700000| PB 0x00000000a0700000| Untracked |  0
|    8|0x00000000a0800000, 0x00000000a0900000, 0x00000000a0900000|100%| O|  |TAMS 0x00000000a0800000| PB 0x00000000a0800000| Untracked |  0
|    9|0x00000000a0900000, 0x00000000a0a00000, 0x00000000a0a00000|100%| O|  |TAMS 0x00000000a0900000| PB 0x00000000a0900000| Untracked |  0
|   10|0x00000000a0a00000, 0x00000000a0b00000, 0x00000000a0b00000|100%| O|  |TAMS 0x00000000a0a00000| PB 0x00000000a0a00000| Untracked |  0
|   11|0x00000000a0b00000, 0x00000000a0c00000, 0x00000000a0c00000|100%| O|  |TAMS 0x00000000a0b00000| PB 0x00000000a0b00000| Untracked |  0
|   12|0x00000000a0c00000, 0x00000000a0d00000, 0x00000000a0d00000|100%| O|  |TAMS 0x00000000a0c00000| PB 0x00000000a0c00000| Untracked |  0
|   13|0x00000000a0d00000, 0x00000000a0e00000, 0x00000000a0e00000|100%| O|  |TAMS 0x00000000a0d00000| PB 0x00000000a0d00000| Untracked |  0
|   14|0x00000000a0e00000, 0x00000000a0f00000, 0x00000000a0f00000|100%| O|  |TAMS 0x00000000a0e00000| PB 0x00000000a0e00000| Untracked |  0
|   15|0x00000000a0f00000, 0x00000000a1000000, 0x00000000a1000000|100%| O|  |TAMS 0x00000000a0f00000| PB 0x00000000a0f00000| Untracked |  0
|   16|0x00000000a1000000, 0x00000000a1100000, 0x00000000a1100000|100%| O|  |TAMS 0x00000000a1000000| PB 0x00000000a1000000| Untracked |  0
|   17|0x00000000a1100000, 0x00000000a1200000, 0x00000000a1200000|100%| O|  |TAMS 0x00000000a1100000| PB 0x00000000a1100000| Untracked |  0
|   18|0x00000000a1200000, 0x00000000a1300000, 0x00000000a1300000|100%| O|  |TAMS 0x00000000a1200000| PB 0x00000000a1200000| Untracked |  0
|   19|0x00000000a1300000, 0x00000000a1400000, 0x00000000a1400000|100%| O|  |TAMS 0x00000000a1300000| PB 0x00000000a1300000| Untracked |  0
|   20|0x00000000a1400000, 0x00000000a1500000, 0x00000000a1500000|100%| O|  |TAMS 0x00000000a1400000| PB 0x00000000a1400000| Untracked |  0
|   21|0x00000000a1500000, 0x00000000a1600000, 0x00000000a1600000|100%| O|  |TAMS 0x00000000a1500000| PB 0x00000000a1500000| Untracked |  0
|   22|0x00000000a1600000, 0x00000000a1700000, 0x00000000a1700000|100%| O|  |TAMS 0x00000000a1600000| PB 0x00000000a1600000| Untracked |  0
|   23|0x00000000a1700000, 0x00000000a1800000, 0x00000000a1800000|100%| O|  |TAMS 0x00000000a1700000| PB 0x00000000a1700000| Untracked |  0
|   24|0x00000000a1800000, 0x00000000a1900000, 0x00000000a1900000|100%| O|  |TAMS 0x00000000a1800000| PB 0x00000000a1800000| Untracked |  0
|   25|0x00000000a1900000, 0x00000000a1a00000, 0x00000000a1a00000|100%| O|  |TAMS 0x00000000a1900000| PB 0x00000000a1900000| Untracked |  0
|   26|0x00000000a1a00000, 0x00000000a1b00000, 0x00000000a1b00000|100%| O|  |TAMS 0x00000000a1a00000| PB 0x00000000a1a00000| Untracked |  0
|   27|0x00000000a1b00000, 0x00000000a1c00000, 0x00000000a1c00000|100%| O|  |TAMS 0x00000000a1b00000| PB 0x00000000a1b00000| Untracked |  0
|   28|0x00000000a1c00000, 0x00000000a1d00000, 0x00000000a1d00000|100%| O|  |TAMS 0x00000000a1c00000| PB 0x00000000a1c00000| Untracked |  0
|   29|0x00000000a1d00000, 0x00000000a1e00000, 0x00000000a1e00000|100%| O|  |TAMS 0x00000000a1d00000| PB 0x00000000a1d00000| Untracked |  0
|   30|0x00000000a1e00000, 0x00000000a1f00000, 0x00000000a1f00000|100%| O|  |TAMS 0x00000000a1e00000| PB 0x00000000a1e00000| Untracked |  0
|   31|0x00000000a1f00000, 0x00000000a2000000, 0x00000000a2000000|100%| O|  |TAMS 0x00000000a1f00000| PB 0x00000000a1f00000| Untracked |  0
|   32|0x00000000a2000000, 0x00000000a2100000, 0x00000000a2100000|100%| O|  |TAMS 0x00000000a2000000| PB 0x00000000a2000000| Untracked |  0
|   33|0x00000000a2100000, 0x00000000a2200000, 0x00000000a2200000|100%| O|  |TAMS 0x00000000a2100000| PB 0x00000000a2100000| Untracked |  0
|   34|0x00000000a2200000, 0x00000000a2300000, 0x00000000a2300000|100%| O|  |TAMS 0x00000000a2200000| PB 0x00000000a2200000| Untracked |  0
|   35|0x00000000a2300000, 0x00000000a2400000, 0x00000000a2400000|100%| O|  |TAMS 0x00000000a2300000| PB 0x00000000a2300000| Untracked |  0
|   36|0x00000000a2400000, 0x00000000a2500000, 0x00000000a2500000|100%| O|  |TAMS 0x00000000a2400000| PB 0x00000000a2400000| Untracked |  0
|   37|0x00000000a2500000, 0x00000000a2600000, 0x00000000a2600000|100%| O|  |TAMS 0x00000000a2500000| PB 0x00000000a2500000| Untracked |  0
|   38|0x00000000a2600000, 0x00000000a2700000, 0x00000000a2700000|100%| O|  |TAMS 0x00000000a2600000| PB 0x00000000a2600000| Untracked |  0
|   39|0x00000000a2700000, 0x00000000a2800000, 0x00000000a2800000|100%| O|  |TAMS 0x00000000a2700000| PB 0x00000000a2700000| Untracked |  0
|   40|0x00000000a2800000, 0x00000000a2900000, 0x00000000a2900000|100%| O|  |TAMS 0x00000000a2800000| PB 0x00000000a2800000| Untracked |  0
|   41|0x00000000a2900000, 0x00000000a2a00000, 0x00000000a2a00000|100%| O|  |TAMS 0x00000000a2900000| PB 0x00000000a2900000| Untracked |  0
|   42|0x00000000a2a00000, 0x00000000a2b00000, 0x00000000a2b00000|100%| O|  |TAMS 0x00000000a2a00000| PB 0x00000000a2a00000| Untracked |  0
|   43|0x00000000a2b00000, 0x00000000a2c00000, 0x00000000a2c00000|100%| O|  |TAMS 0x00000000a2b00000| PB 0x00000000a2b00000| Untracked |  0
|   44|0x00000000a2c00000, 0x00000000a2d00000, 0x00000000a2d00000|100%| O|  |TAMS 0x00000000a2c00000| PB 0x00000000a2c00000| Untracked |  0
|   45|0x00000000a2d00000, 0x00000000a2e00000, 0x00000000a2e00000|100%| O|  |TAMS 0x00000000a2d00000| PB 0x00000000a2d00000| Untracked |  0
|   46|0x00000000a2e00000, 0x00000000a2f00000, 0x00000000a2f00000|100%| O|  |TAMS 0x00000000a2e00000| PB 0x00000000a2e00000| Untracked |  0
|   47|0x00000000a2f00000, 0x00000000a3000000, 0x00000000a3000000|100%| O|  |TAMS 0x00000000a2f00000| PB 0x00000000a2f00000| Untracked |  0
|   48|0x00000000a3000000, 0x00000000a3100000, 0x00000000a3100000|100%| O|  |TAMS 0x00000000a3000000| PB 0x00000000a3000000| Untracked |  0
|   49|0x00000000a3100000, 0x00000000a3104080, 0x00000000a3200000|  1%| O|  |TAMS 0x00000000a3100000| PB 0x00000000a3100000| Untracked |  0
|   50|0x00000000a3200000, 0x00000000a3200000, 0x00000000a3300000|  0%| F|  |TAMS 0x00000000a3200000| PB 0x00000000a3200000| Untracked |  0
|   51|0x00000000a3300000, 0x00000000a3400000, 0x00000000a3400000|100%| O|  |TAMS 0x00000000a3300000| PB 0x00000000a3300000| Untracked |  0
|   52|0x00000000a3400000, 0x00000000a3500000, 0x00000000a3500000|100%| O|  |TAMS 0x00000000a3400000| PB 0x00000000a3400000| Untracked |  0
|   53|0x00000000a3500000, 0x00000000a3580e00, 0x00000000a3600000| 50%| S|CS|TAMS 0x00000000a3500000| PB 0x00000000a3500000| Complete  |  0
|   54|0x00000000a3600000, 0x00000000a3700000, 0x00000000a3700000|100%| S|CS|TAMS 0x00000000a3600000| PB 0x00000000a3600000| Complete  |  0
|   55|0x00000000a3700000, 0x00000000a3800000, 0x00000000a3800000|100%| O|  |TAMS 0x00000000a3700000| PB 0x00000000a3700000| Untracked |  0
|   56|0x00000000a3800000, 0x00000000a3900000, 0x00000000a3900000|100%| O|  |TAMS 0x00000000a3800000| PB 0x00000000a3800000| Untracked |  0
|   57|0x00000000a3900000, 0x00000000a3a00000, 0x00000000a3a00000|100%| O|  |TAMS 0x00000000a3900000| PB 0x00000000a3900000| Untracked |  0
|   58|0x00000000a3a00000, 0x00000000a3b00000, 0x00000000a3b00000|100%| O|  |TAMS 0x00000000a3a00000| PB 0x00000000a3a00000| Untracked |  0
|   59|0x00000000a3b00000, 0x00000000a3c00000, 0x00000000a3c00000|100%| O|  |TAMS 0x00000000a3b00000| PB 0x00000000a3b00000| Untracked |  0
|   60|0x00000000a3c00000, 0x00000000a3d00000, 0x00000000a3d00000|100%| O|  |TAMS 0x00000000a3c00000| PB 0x00000000a3c00000| Untracked |  0
|   61|0x00000000a3d00000, 0x00000000a3d00000, 0x00000000a3e00000|  0%| F|  |TAMS 0x00000000a3d00000| PB 0x00000000a3d00000| Untracked |  0
|   62|0x00000000a3e00000, 0x00000000a3e00000, 0x00000000a3f00000|  0%| F|  |TAMS 0x00000000a3e00000| PB 0x00000000a3e00000| Untracked |  0
|   63|0x00000000a3f00000, 0x00000000a4000000, 0x00000000a4000000|100%| O|  |TAMS 0x00000000a3f00000| PB 0x00000000a3f00000| Untracked |  0
|   64|0x00000000a4000000, 0x00000000a4000000, 0x00000000a4100000|  0%| F|  |TAMS 0x00000000a4000000| PB 0x00000000a4000000| Untracked |  0
|   65|0x00000000a4100000, 0x00000000a4200000, 0x00000000a4200000|100%| S|CS|TAMS 0x00000000a4100000| PB 0x00000000a4100000| Complete  |  0
|   66|0x00000000a4200000, 0x00000000a4300000, 0x00000000a4300000|100%| O|  |TAMS 0x00000000a4200000| PB 0x00000000a4200000| Untracked |  0
|   67|0x00000000a4300000, 0x00000000a4400000, 0x00000000a4400000|100%| S|CS|TAMS 0x00000000a4300000| PB 0x00000000a4300000| Complete  |  0
|   68|0x00000000a4400000, 0x00000000a4500000, 0x00000000a4500000|100%| S|CS|TAMS 0x00000000a4400000| PB 0x00000000a4400000| Complete  |  0
|   69|0x00000000a4500000, 0x00000000a4500000, 0x00000000a4600000|  0%| F|  |TAMS 0x00000000a4500000| PB 0x00000000a4500000| Untracked |  0
|   70|0x00000000a4600000, 0x00000000a4600000, 0x00000000a4700000|  0%| F|  |TAMS 0x00000000a4600000| PB 0x00000000a4600000| Untracked |  0
|   71|0x00000000a4700000, 0x00000000a4700000, 0x00000000a4800000|  0%| F|  |TAMS 0x00000000a4700000| PB 0x00000000a4700000| Untracked |  0
|   72|0x00000000a4800000, 0x00000000a4800000, 0x00000000a4900000|  0%| F|  |TAMS 0x00000000a4800000| PB 0x00000000a4800000| Untracked |  0
|   73|0x00000000a4900000, 0x00000000a4900000, 0x00000000a4a00000|  0%| F|  |TAMS 0x00000000a4900000| PB 0x00000000a4900000| Untracked |  0
|   74|0x00000000a4a00000, 0x00000000a4a00000, 0x00000000a4b00000|  0%| F|  |TAMS 0x00000000a4a00000| PB 0x00000000a4a00000| Untracked |  0
|   75|0x00000000a4b00000, 0x00000000a4b00000, 0x00000000a4c00000|  0%| F|  |TAMS 0x00000000a4b00000| PB 0x00000000a4b00000| Untracked |  0
|   76|0x00000000a4c00000, 0x00000000a4c00000, 0x00000000a4d00000|  0%| F|  |TAMS 0x00000000a4c00000| PB 0x00000000a4c00000| Untracked |  0
|   77|0x00000000a4d00000, 0x00000000a4d00000, 0x00000000a4e00000|  0%| F|  |TAMS 0x00000000a4d00000| PB 0x00000000a4d00000| Untracked |  0
|   78|0x00000000a4e00000, 0x00000000a4e00000, 0x00000000a4f00000|  0%| F|  |TAMS 0x00000000a4e00000| PB 0x00000000a4e00000| Untracked |  0
|   79|0x00000000a4f00000, 0x00000000a4f00000, 0x00000000a5000000|  0%| F|  |TAMS 0x00000000a4f00000| PB 0x00000000a4f00000| Untracked |  0
|   80|0x00000000a5000000, 0x00000000a5000000, 0x00000000a5100000|  0%| F|  |TAMS 0x00000000a5000000| PB 0x00000000a5000000| Untracked |  0
|   81|0x00000000a5100000, 0x00000000a5100000, 0x00000000a5200000|  0%| F|  |TAMS 0x00000000a5100000| PB 0x00000000a5100000| Untracked |  0
|   82|0x00000000a5200000, 0x00000000a5200000, 0x00000000a5300000|  0%| F|  |TAMS 0x00000000a5200000| PB 0x00000000a5200000| Untracked |  0
|   83|0x00000000a5300000, 0x00000000a5300000, 0x00000000a5400000|  0%| F|  |TAMS 0x00000000a5300000| PB 0x00000000a5300000| Untracked |  0
|   84|0x00000000a5400000, 0x00000000a5400000, 0x00000000a5500000|  0%| F|  |TAMS 0x00000000a5400000| PB 0x00000000a5400000| Untracked |  0
|   85|0x00000000a5500000, 0x00000000a5500000, 0x00000000a5600000|  0%| F|  |TAMS 0x00000000a5500000| PB 0x00000000a5500000| Untracked |  0
|   86|0x00000000a5600000, 0x00000000a5600000, 0x00000000a5700000|  0%| F|  |TAMS 0x00000000a5600000| PB 0x00000000a5600000| Untracked |  0
|   87|0x00000000a5700000, 0x00000000a5700000, 0x00000000a5800000|  0%| F|  |TAMS 0x00000000a5700000| PB 0x00000000a5700000| Untracked |  0
|   88|0x00000000a5800000, 0x00000000a5800000, 0x00000000a5900000|  0%| F|  |TAMS 0x00000000a5800000| PB 0x00000000a5800000| Untracked |  0
|   89|0x00000000a5900000, 0x00000000a5900000, 0x00000000a5a00000|  0%| F|  |TAMS 0x00000000a5900000| PB 0x00000000a5900000| Untracked |  0
|   90|0x00000000a5a00000, 0x00000000a5a00000, 0x00000000a5b00000|  0%| F|  |TAMS 0x00000000a5a00000| PB 0x00000000a5a00000| Untracked |  0
|   91|0x00000000a5b00000, 0x00000000a5b00000, 0x00000000a5c00000|  0%| F|  |TAMS 0x00000000a5b00000| PB 0x00000000a5b00000| Untracked |  0
|   92|0x00000000a5c00000, 0x00000000a5c00000, 0x00000000a5d00000|  0%| F|  |TAMS 0x00000000a5c00000| PB 0x00000000a5c00000| Untracked |  0
|   93|0x00000000a5d00000, 0x00000000a5d00000, 0x00000000a5e00000|  0%| F|  |TAMS 0x00000000a5d00000| PB 0x00000000a5d00000| Untracked |  0
|   94|0x00000000a5e00000, 0x00000000a5e00000, 0x00000000a5f00000|  0%| F|  |TAMS 0x00000000a5e00000| PB 0x00000000a5e00000| Untracked |  0
|   95|0x00000000a5f00000, 0x00000000a5f00000, 0x00000000a6000000|  0%| F|  |TAMS 0x00000000a5f00000| PB 0x00000000a5f00000| Untracked |  0
|   96|0x00000000a6000000, 0x00000000a6000000, 0x00000000a6100000|  0%| F|  |TAMS 0x00000000a6000000| PB 0x00000000a6000000| Untracked |  0
|   97|0x00000000a6100000, 0x00000000a6100000, 0x00000000a6200000|  0%| F|  |TAMS 0x00000000a6100000| PB 0x00000000a6100000| Untracked |  0
|   98|0x00000000a6200000, 0x00000000a6200000, 0x00000000a6300000|  0%| F|  |TAMS 0x00000000a6200000| PB 0x00000000a6200000| Untracked |  0
|   99|0x00000000a6300000, 0x00000000a6300000, 0x00000000a6400000|  0%| F|  |TAMS 0x00000000a6300000| PB 0x00000000a6300000| Untracked |  0
|  100|0x00000000a6400000, 0x00000000a6400000, 0x00000000a6500000|  0%| F|  |TAMS 0x00000000a6400000| PB 0x00000000a6400000| Untracked |  0
|  101|0x00000000a6500000, 0x00000000a6500000, 0x00000000a6600000|  0%| F|  |TAMS 0x00000000a6500000| PB 0x00000000a6500000| Untracked |  0
|  102|0x00000000a6600000, 0x00000000a6600000, 0x00000000a6700000|  0%| F|  |TAMS 0x00000000a6600000| PB 0x00000000a6600000| Untracked |  0
|  103|0x00000000a6700000, 0x00000000a6700000, 0x00000000a6800000|  0%| F|  |TAMS 0x00000000a6700000| PB 0x00000000a6700000| Untracked |  0
|  104|0x00000000a6800000, 0x00000000a6800000, 0x00000000a6900000|  0%| F|  |TAMS 0x00000000a6800000| PB 0x00000000a6800000| Untracked |  0
|  105|0x00000000a6900000, 0x00000000a6900000, 0x00000000a6a00000|  0%| F|  |TAMS 0x00000000a6900000| PB 0x00000000a6900000| Untracked |  0
|  106|0x00000000a6a00000, 0x00000000a6a00000, 0x00000000a6b00000|  0%| F|  |TAMS 0x00000000a6a00000| PB 0x00000000a6a00000| Untracked |  0
|  107|0x00000000a6b00000, 0x00000000a6b00000, 0x00000000a6c00000|  0%| F|  |TAMS 0x00000000a6b00000| PB 0x00000000a6b00000| Untracked |  0
|  108|0x00000000a6c00000, 0x00000000a6c00000, 0x00000000a6d00000|  0%| F|  |TAMS 0x00000000a6c00000| PB 0x00000000a6c00000| Untracked |  0
|  109|0x00000000a6d00000, 0x00000000a6d00000, 0x00000000a6e00000|  0%| F|  |TAMS 0x00000000a6d00000| PB 0x00000000a6d00000| Untracked |  0
|  110|0x00000000a6e00000, 0x00000000a6e00000, 0x00000000a6f00000|  0%| F|  |TAMS 0x00000000a6e00000| PB 0x00000000a6e00000| Untracked |  0
|  111|0x00000000a6f00000, 0x00000000a6f00000, 0x00000000a7000000|  0%| F|  |TAMS 0x00000000a6f00000| PB 0x00000000a6f00000| Untracked |  0
|  112|0x00000000a7000000, 0x00000000a7000000, 0x00000000a7100000|  0%| F|  |TAMS 0x00000000a7000000| PB 0x00000000a7000000| Untracked |  0
|  113|0x00000000a7100000, 0x00000000a7100000, 0x00000000a7200000|  0%| F|  |TAMS 0x00000000a7100000| PB 0x00000000a7100000| Untracked |  0
|  114|0x00000000a7200000, 0x00000000a7200000, 0x00000000a7300000|  0%| F|  |TAMS 0x00000000a7200000| PB 0x00000000a7200000| Untracked |  0
|  115|0x00000000a7300000, 0x00000000a7300000, 0x00000000a7400000|  0%| F|  |TAMS 0x00000000a7300000| PB 0x00000000a7300000| Untracked |  0
|  116|0x00000000a7400000, 0x00000000a7400000, 0x00000000a7500000|  0%| F|  |TAMS 0x00000000a7400000| PB 0x00000000a7400000| Untracked |  0
|  117|0x00000000a7500000, 0x00000000a7500000, 0x00000000a7600000|  0%| F|  |TAMS 0x00000000a7500000| PB 0x00000000a7500000| Untracked |  0
|  118|0x00000000a7600000, 0x00000000a7600000, 0x00000000a7700000|  0%| F|  |TAMS 0x00000000a7600000| PB 0x00000000a7600000| Untracked |  0
|  119|0x00000000a7700000, 0x00000000a7700000, 0x00000000a7800000|  0%| F|  |TAMS 0x00000000a7700000| PB 0x00000000a7700000| Untracked |  0
|  120|0x00000000a7800000, 0x00000000a7800000, 0x00000000a7900000|  0%| F|  |TAMS 0x00000000a7800000| PB 0x00000000a7800000| Untracked |  0
|  121|0x00000000a7900000, 0x00000000a7900000, 0x00000000a7a00000|  0%| F|  |TAMS 0x00000000a7900000| PB 0x00000000a7900000| Untracked |  0
|  122|0x00000000a7a00000, 0x00000000a7a00000, 0x00000000a7b00000|  0%| F|  |TAMS 0x00000000a7a00000| PB 0x00000000a7a00000| Untracked |  0
|  123|0x00000000a7b00000, 0x00000000a7b00000, 0x00000000a7c00000|  0%| F|  |TAMS 0x00000000a7b00000| PB 0x00000000a7b00000| Untracked |  0
|  124|0x00000000a7c00000, 0x00000000a7c00000, 0x00000000a7d00000|  0%| F|  |TAMS 0x00000000a7c00000| PB 0x00000000a7c00000| Untracked |  0
|  125|0x00000000a7d00000, 0x00000000a7e00000, 0x00000000a7e00000|100%| E|CS|TAMS 0x00000000a7d00000| PB 0x00000000a7d00000| Complete  |  0
|  126|0x00000000a7e00000, 0x00000000a7f00000, 0x00000000a7f00000|100%| E|CS|TAMS 0x00000000a7e00000| PB 0x00000000a7e00000| Complete  |  0
|  127|0x00000000a7f00000, 0x00000000a8000000, 0x00000000a8000000|100%| E|CS|TAMS 0x00000000a7f00000| PB 0x00000000a7f00000| Complete  |  0
|  128|0x00000000a8000000, 0x00000000a8100000, 0x00000000a8100000|100%| E|CS|TAMS 0x00000000a8000000| PB 0x00000000a8000000| Complete  |  0
|  129|0x00000000a8100000, 0x00000000a8200000, 0x00000000a8200000|100%| E|CS|TAMS 0x00000000a8100000| PB 0x00000000a8100000| Complete  |  0
|  130|0x00000000a8200000, 0x00000000a8300000, 0x00000000a8300000|100%| E|CS|TAMS 0x00000000a8200000| PB 0x00000000a8200000| Complete  |  0
|  131|0x00000000a8300000, 0x00000000a8400000, 0x00000000a8400000|100%| E|CS|TAMS 0x00000000a8300000| PB 0x00000000a8300000| Complete  |  0
|  132|0x00000000a8400000, 0x00000000a8500000, 0x00000000a8500000|100%| E|CS|TAMS 0x00000000a8400000| PB 0x00000000a8400000| Complete  |  0
|  133|0x00000000a8500000, 0x00000000a8600000, 0x00000000a8600000|100%| E|CS|TAMS 0x00000000a8500000| PB 0x00000000a8500000| Complete  |  0
|  134|0x00000000a8600000, 0x00000000a8700000, 0x00000000a8700000|100%| E|CS|TAMS 0x00000000a8600000| PB 0x00000000a8600000| Complete  |  0
|  135|0x00000000a8700000, 0x00000000a8800000, 0x00000000a8800000|100%| E|CS|TAMS 0x00000000a8700000| PB 0x00000000a8700000| Complete  |  0
|  136|0x00000000a8800000, 0x00000000a8900000, 0x00000000a8900000|100%| E|CS|TAMS 0x00000000a8800000| PB 0x00000000a8800000| Complete  |  0
|  137|0x00000000a8900000, 0x00000000a8a00000, 0x00000000a8a00000|100%| E|CS|TAMS 0x00000000a8900000| PB 0x00000000a8900000| Complete  |  0
|  138|0x00000000a8a00000, 0x00000000a8b00000, 0x00000000a8b00000|100%| E|CS|TAMS 0x00000000a8a00000| PB 0x00000000a8a00000| Complete  |  0
|  139|0x00000000a8b00000, 0x00000000a8c00000, 0x00000000a8c00000|100%| E|CS|TAMS 0x00000000a8b00000| PB 0x00000000a8b00000| Complete  |  0
|  140|0x00000000a8c00000, 0x00000000a8d00000, 0x00000000a8d00000|100%| E|CS|TAMS 0x00000000a8c00000| PB 0x00000000a8c00000| Complete  |  0
|  144|0x00000000a9000000, 0x00000000a9100000, 0x00000000a9100000|100%|HS|  |TAMS 0x00000000a9000000| PB 0x00000000a9000000| Complete  |  0
|  145|0x00000000a9100000, 0x00000000a9200000, 0x00000000a9200000|100%|HC|  |TAMS 0x00000000a9100000| PB 0x00000000a9100000| Complete  |  0
|  146|0x00000000a9200000, 0x00000000a9300000, 0x00000000a9300000|100%|HC|  |TAMS 0x00000000a9200000| PB 0x00000000a9200000| Complete  |  0
|  147|0x00000000a9300000, 0x00000000a9400000, 0x00000000a9400000|100%|HC|  |TAMS 0x00000000a9300000| PB 0x00000000a9300000| Complete  |  0
| 1529|0x00000000ff900000, 0x00000000ffa00000, 0x00000000ffa00000|100%| O|  |TAMS 0x00000000ff900000| PB 0x00000000ff900000| Untracked |  0
| 1530|0x00000000ffa00000, 0x00000000ffb00000, 0x00000000ffb00000|100%| O|  |TAMS 0x00000000ffa00000| PB 0x00000000ffa00000| Untracked |  0
| 1531|0x00000000ffb00000, 0x00000000ffc00000, 0x00000000ffc00000|100%| O|  |TAMS 0x00000000ffb00000| PB 0x00000000ffb00000| Untracked |  0
| 1533|0x00000000ffd00000, 0x00000000ffe00000, 0x00000000ffe00000|100%| O|  |TAMS 0x00000000ffd00000| PB 0x00000000ffd00000| Untracked |  0
| 1534|0x00000000ffe00000, 0x00000000fff00000, 0x00000000fff00000|100%| O|  |TAMS 0x00000000ffe00000| PB 0x00000000ffe00000| Untracked |  0

Card table byte_map: [0x00000130b9e10000,0x00000130ba110000] _byte_map_base: 0x00000130b9910000
Refinement table byte_map: [0x00000130ba110000,0x00000130ba410000] _byte_map_base: 0x00000130b9c10000

Marking Bits: (CMBitMap*) 0x00000130a6a53220
 Bits: [0x00000130ba410000, 0x00000130bbc10000)

Polling page: 0x00000130a4590000

Metaspace:
Metaspace        used 44104K, committed 44608K, reserved 1114112K
 class space     used 5126K, committed 5376K, reserved 1048576K

Usage:
  Non-class:     38.06 MB used.
      Class:      5.01 MB used.
       Both:     43.07 MB used.

Virtual space:
  Non-class space:       64.00 MB reserved,      38.31 MB ( 60%) committed,  1 nodes.
      Class space:        1.00 GB reserved,       5.25 MB ( <1%) committed,  1 nodes.
             Both:        1.06 GB reserved,      43.56 MB (  4%) committed. 

Chunk freelists:
   Non-Class:  8.92 MB
       Class:  10.67 MB
        Both:  19.59 MB

MaxMetaspaceSize: unlimited
CompressedClassSpaceSize: 1.00 GB
Initial GC threshold: 21.00 MB
Current GC threshold: 72.62 MB
CDS: off
 - commit_granule_bytes: 65536.
 - commit_granule_words: 8192.
 - virtual_space_node_default_size: 8388608.
 - enlarge_chunks_in_place: 1.
UseCompressedClassPointers 1, UseCompactObjectHeaders 0
Narrow klass pointer bits 32, Max shift 3
Narrow klass base: 0x0000000000000000, Narrow klass shift: 0
Encoding Range: [0x0000000000000000 - 0x0000000100000000), (4294967296 bytes)
Klass Range:    [0x0000000023000000 - 0x0000000063000000), (1073741824 bytes)
Klass ID Range:  [587202560 - 1660944377) (1073741817)
No protection zone.


Internal statistics:

num_allocs_failed_limit: 6.
num_arena_births: 612.
num_arena_deaths: 108.
num_vsnodes_births: 2.
num_vsnodes_deaths: 0.
num_space_committed: 697.
num_space_uncommitted: 0.
num_chunks_returned_to_freelist: 118.
num_chunks_taken_from_freelist: 1253.
num_chunk_merges: 15.
num_chunk_splits: 820.
num_chunks_enlarged: 559.
num_inconsistent_stats: 0.

CodeHeap 'non-profiled nmethods': size=119232Kb used=6156Kb max_used=9570Kb free=113075Kb
 bounds [0x00000130b1e20000, 0x00000130b27a0000, 0x00000130b9290000]
CodeHeap 'profiled nmethods': size=119104Kb used=9334Kb max_used=22576Kb free=109770Kb
 bounds [0x00000130aa290000, 0x00000130ab8a0000, 0x00000130b16e0000]
CodeHeap 'non-nmethods': size=7424Kb used=1786Kb max_used=3612Kb free=5637Kb
 bounds [0x00000130b16e0000, 0x00000130b1a80000, 0x00000130b1e20000]
CodeCache: size=245760Kb, used=17276Kb, max_used=35758Kb, free=228482Kb
 total_blobs=6904, nmethods=6002, adapters=794, full_count=0
Compilation: enabled, stopped_count=0, restarted_count=0

Compilation events (20 events):
Event: 2399.754 Thread 0x00000130bebcfae0 nmethod 14952 0x00000130b2504c88 code [0x00000130b2504d80, 0x00000130b2504eb8]
Event: 2399.754 Thread 0x00000130bebcfae0 14953       4       sun.font.FileFontStrike::getCachedGlyphPtrInternal (120 bytes)
Event: 2399.756 Thread 0x00000130bebcfae0 nmethod 14953 0x00000130b250c888 code [0x00000130b250c980, 0x00000130b250caa8]
Event: 2399.758 Thread 0x00000130bebdc360 14954       3       java.awt.DefaultKeyboardFocusManager::getOwningFrameDialog (31 bytes)
Event: 2399.759 Thread 0x00000130bebdc360 nmethod 14954 0x00000130ab651b08 code [0x00000130ab651c00, 0x00000130ab652178]
Event: 2399.759 Thread 0x00000130bebdc360 14955       3       java.util.prefs.WindowsPreferences::childrenNamesSpi (225 bytes)
Event: 2399.762 Thread 0x00000130bebdc360 nmethod 14955 0x00000130aaf6be88 code [0x00000130aaf6bf80, 0x00000130aaf6f788]
Event: 2399.762 Thread 0x00000130bebdc360 14961       3       java.util.AbstractCollection::toArray (144 bytes)
Event: 2399.763 Thread 0x00000130bebdc360 nmethod 14961 0x00000130aa2eb908 code [0x00000130aa2eba00, 0x00000130aa2eca78]
Event: 2399.763 Thread 0x00000130bebdc360 14958       3       java.util.prefs.WindowsPreferences::openKey (144 bytes)
Event: 2399.766 Thread 0x00000130bebdc360 nmethod 14958 0x00000130aa4b3c88 code [0x00000130aa4b3d80, 0x00000130aa4b7758]
Event: 2399.766 Thread 0x00000130bebdc360 14959   !   3       java.util.prefs.WindowsPreferences::WindowsRegOpenKey1 (150 bytes)
Event: 2399.768 Thread 0x00000130bebdc360 nmethod 14959 0x00000130aa751288 code [0x00000130aa751380, 0x00000130aa753790]
Event: 2399.768 Thread 0x00000130bebdc360 14960       3       java.util.prefs.WindowsPreferences::closeKey (36 bytes)
Event: 2399.769 Thread 0x00000130bebdc360 nmethod 14960 0x00000130ab386508 code [0x00000130ab386600, 0x00000130ab386ff0]
Event: 2399.769 Thread 0x00000130bebdc360 14956       3       java.util.prefs.WindowsPreferences::openKey (7 bytes)
Event: 2399.769 Thread 0x00000130bebdc360 nmethod 14956 0x00000130aac5aa08 code [0x00000130aac5ab00, 0x00000130aac5ace8]
Event: 2399.769 Thread 0x00000130bebdc360 14957       3       java.util.prefs.WindowsPreferences::openKey (11 bytes)
Event: 2399.769 Thread 0x00000130bebdc360 nmethod 14957 0x00000130aac5b408 code [0x00000130aac5b500, 0x00000130aac5b690]
Event: 2402.044 Thread 0x00000130bebcfae0 14962       4       mpi.eudico.server.corpora.clomimpl.shoebox.utr22.SimpleConverter::decodeList (66 bytes)

GC Heap Usage History (20 events):
Event: 2291.489 {heap Before GC invocations=168 (full 0):
 garbage-first heap   total reserved 1572864K, committed 157696K, used 147215K [0x00000000a0000000, 0x0000000100000000)
  region size 1M, 76 eden (76M), 4 survivor (4M), 61 old (61M), 4 humongous (4M), 9 free (9M)
}
Event: 2291.494 {heap After GC invocations=169 (full 0):
 garbage-first heap   total reserved 1572864K, committed 157696K, used 69217K [0x00000000a0000000, 0x0000000100000000)
  region size 1M, 0 eden (0M), 4 survivor (4M), 61 old (61M), 4 humongous (4M), 85 free (85M)
}
Event: 2302.438 {heap Before GC invocations=169 (full 0):
 garbage-first heap   total reserved 1572864K, committed 157696K, used 147041K [0x00000000a0000000, 0x0000000100000000)
  region size 1M, 76 eden (76M), 4 survivor (4M), 61 old (61M), 4 humongous (4M), 9 free (9M)
}
Event: 2302.448 {heap After GC invocations=170 (full 0):
 garbage-first heap   total reserved 1572864K, committed 153600K, used 69100K [0x00000000a0000000, 0x0000000100000000)
  region size 1M, 0 eden (0M), 4 survivor (4M), 61 old (61M), 4 humongous (4M), 81 free (81M)
}
Event: 2306.445 {heap Before GC invocations=171 (full 0):
 garbage-first heap   total reserved 1572864K, committed 153600K, used 143852K [0x00000000a0000000, 0x0000000100000000)
  region size 1M, 73 eden (73M), 4 survivor (4M), 61 old (61M), 4 humongous (4M), 8 free (8M)
}
Event: 2306.451 {heap After GC invocations=172 (full 0):
 garbage-first heap   total reserved 1572864K, committed 153600K, used 70785K [0x00000000a0000000, 0x0000000100000000)
  region size 1M, 0 eden (0M), 5 survivor (5M), 61 old (61M), 4 humongous (4M), 80 free (80M)
}
Event: 2317.667 {heap Before GC invocations=172 (full 0):
 garbage-first heap   total reserved 1572864K, committed 153600K, used 144513K [0x00000000a0000000, 0x0000000100000000)
  region size 1M, 72 eden (72M), 5 survivor (5M), 61 old (61M), 4 humongous (4M), 8 free (8M)
}
Event: 2317.673 {heap After GC invocations=173 (full 0):
 garbage-first heap   total reserved 1572864K, committed 153600K, used 70931K [0x00000000a0000000, 0x0000000100000000)
  region size 1M, 0 eden (0M), 5 survivor (5M), 61 old (61M), 4 humongous (4M), 80 free (80M)
}
Event: 2349.367 {heap Before GC invocations=173 (full 0):
 garbage-first heap   total reserved 1572864K, committed 153600K, used 144659K [0x00000000a0000000, 0x0000000100000000)
  region size 1M, 72 eden (72M), 5 survivor (5M), 61 old (61M), 4 humongous (4M), 8 free (8M)
}
Event: 2349.374 {heap After GC invocations=174 (full 0):
 garbage-first heap   total reserved 1572864K, committed 153600K, used 72251K [0x00000000a0000000, 0x0000000100000000)
  region size 1M, 0 eden (0M), 7 survivor (7M), 61 old (61M), 4 humongous (4M), 78 free (78M)
}
Event: 2367.015 {heap Before GC invocations=175 (full 0):
 garbage-first heap   total reserved 1572864K, committed 153600K, used 143931K [0x00000000a0000000, 0x0000000100000000)
  region size 1M, 70 eden (70M), 7 survivor (7M), 61 old (61M), 4 humongous (4M), 8 free (8M)
}
Event: 2367.020 {heap After GC invocations=176 (full 0):
 garbage-first heap   total reserved 1572864K, committed 153600K, used 70400K [0x00000000a0000000, 0x0000000100000000)
  region size 1M, 0 eden (0M), 3 survivor (3M), 63 old (63M), 4 humongous (4M), 80 free (80M)
}
Event: 2379.317 {heap Before GC invocations=176 (full 0):
 garbage-first heap   total reserved 1572864K, committed 153600K, used 144128K [0x00000000a0000000, 0x0000000100000000)
  region size 1M, 72 eden (72M), 3 survivor (3M), 63 old (63M), 4 humongous (4M), 8 free (8M)
}
Event: 2379.324 {heap After GC invocations=177 (full 0):
 garbage-first heap   total reserved 1572864K, committed 153600K, used 70031K [0x00000000a0000000, 0x0000000100000000)
  region size 1M, 0 eden (0M), 3 survivor (3M), 63 old (63M), 4 humongous (4M), 80 free (80M)
}
Event: 2383.052 {heap Before GC invocations=177 (full 0):
 garbage-first heap   total reserved 1572864K, committed 153600K, used 143759K [0x00000000a0000000, 0x0000000100000000)
  region size 1M, 72 eden (72M), 3 survivor (3M), 63 old (63M), 4 humongous (4M), 8 free (8M)
}
Event: 2383.056 {heap After GC invocations=178 (full 0):
 garbage-first heap   total reserved 1572864K, committed 153600K, used 70153K [0x00000000a0000000, 0x0000000100000000)
  region size 1M, 0 eden (0M), 3 survivor (3M), 63 old (63M), 4 humongous (4M), 80 free (80M)
}
Event: 2386.133 {heap Before GC invocations=179 (full 0):
 garbage-first heap   total reserved 1572864K, committed 153600K, used 143881K [0x00000000a0000000, 0x0000000100000000)
  region size 1M, 72 eden (72M), 3 survivor (3M), 63 old (63M), 4 humongous (4M), 8 free (8M)
}
Event: 2386.137 {heap After GC invocations=180 (full 0):
 garbage-first heap   total reserved 1572864K, committed 153600K, used 70199K [0x00000000a0000000, 0x0000000100000000)
  region size 1M, 0 eden (0M), 3 survivor (3M), 63 old (63M), 4 humongous (4M), 80 free (80M)
}
Event: 2401.992 {heap Before GC invocations=180 (full 0):
 garbage-first heap   total reserved 1572864K, committed 153600K, used 143927K [0x00000000a0000000, 0x0000000100000000)
  region size 1M, 72 eden (72M), 3 survivor (3M), 63 old (63M), 4 humongous (4M), 8 free (8M)
}
Event: 2402.001 {heap After GC invocations=181 (full 0):
 garbage-first heap   total reserved 1572864K, committed 153600K, used 72211K [0x00000000a0000000, 0x0000000100000000)
  region size 1M, 0 eden (0M), 5 survivor (5M), 63 old (63M), 4 humongous (4M), 78 free (78M)
}

Metaspace Usage History (20 events):
Event: 2291.489 {metaspace Before GC invocations=168 (full 0):
 Metaspace       used 44066K, committed 44544K, reserved 1114112K
  class space    used 5126K, committed 5376K, reserved 1048576K
}
Event: 2291.494 {metaspace After GC invocations=169 (full 0):
 Metaspace       used 44066K, committed 44544K, reserved 1114112K
  class space    used 5126K, committed 5376K, reserved 1048576K
}
Event: 2302.438 {metaspace Before GC invocations=169 (full 0):
 Metaspace       used 44067K, committed 44544K, reserved 1114112K
  class space    used 5126K, committed 5376K, reserved 1048576K
}
Event: 2302.448 {metaspace After GC invocations=170 (full 0):
 Metaspace       used 44067K, committed 44544K, reserved 1114112K
  class space    used 5126K, committed 5376K, reserved 1048576K
}
Event: 2306.445 {metaspace Before GC invocations=171 (full 0):
 Metaspace       used 44068K, committed 44544K, reserved 1114112K
  class space    used 5126K, committed 5376K, reserved 1048576K
}
Event: 2306.451 {metaspace After GC invocations=172 (full 0):
 Metaspace       used 44068K, committed 44544K, reserved 1114112K
  class space    used 5126K, committed 5376K, reserved 1048576K
}
Event: 2317.667 {metaspace Before GC invocations=172 (full 0):
 Metaspace       used 44075K, committed 44544K, reserved 1114112K
  class space    used 5126K, committed 5376K, reserved 1048576K
}
Event: 2317.673 {metaspace After GC invocations=173 (full 0):
 Metaspace       used 44075K, committed 44544K, reserved 1114112K
  class space    used 5126K, committed 5376K, reserved 1048576K
}
Event: 2349.367 {metaspace Before GC invocations=173 (full 0):
 Metaspace       used 44081K, committed 44608K, reserved 1114112K
  class space    used 5126K, committed 5376K, reserved 1048576K
}
Event: 2349.374 {metaspace After GC invocations=174 (full 0):
 Metaspace       used 44081K, committed 44608K, reserved 1114112K
  class space    used 5126K, committed 5376K, reserved 1048576K
}
Event: 2367.015 {metaspace Before GC invocations=175 (full 0):
 Metaspace       used 44089K, committed 44608K, reserved 1114112K
  class space    used 5126K, committed 5376K, reserved 1048576K
}
Event: 2367.020 {metaspace After GC invocations=176 (full 0):
 Metaspace       used 44089K, committed 44608K, reserved 1114112K
  class space    used 5126K, committed 5376K, reserved 1048576K
}
Event: 2379.317 {metaspace Before GC invocations=176 (full 0):
 Metaspace       used 44092K, committed 44608K, reserved 1114112K
  class space    used 5126K, committed 5376K, reserved 1048576K
}
Event: 2379.324 {metaspace After GC invocations=177 (full 0):
 Metaspace       used 44092K, committed 44608K, reserved 1114112K
  class space    used 5126K, committed 5376K, reserved 1048576K
}
Event: 2383.052 {metaspace Before GC invocations=177 (full 0):
 Metaspace       used 44092K, committed 44608K, reserved 1114112K
  class space    used 5126K, committed 5376K, reserved 1048576K
}
Event: 2383.056 {metaspace After GC invocations=178 (full 0):
 Metaspace       used 44092K, committed 44608K, reserved 1114112K
  class space    used 5126K, committed 5376K, reserved 1048576K
}
Event: 2386.133 {metaspace Before GC invocations=179 (full 0):
 Metaspace       used 44095K, committed 44608K, reserved 1114112K
  class space    used 5126K, committed 5376K, reserved 1048576K
}
Event: 2386.137 {metaspace After GC invocations=180 (full 0):
 Metaspace       used 44095K, committed 44608K, reserved 1114112K
  class space    used 5126K, committed 5376K, reserved 1048576K
}
Event: 2401.992 {metaspace Before GC invocations=180 (full 0):
 Metaspace       used 44104K, committed 44608K, reserved 1114112K
  class space    used 5126K, committed 5376K, reserved 1048576K
}
Event: 2402.001 {metaspace After GC invocations=181 (full 0):
 Metaspace       used 44104K, committed 44608K, reserved 1114112K
  class space    used 5126K, committed 5376K, reserved 1048576K
}

Dll operation events (20 events):
Event: 0.376 Attempting to load shared library C:\Users\jerem\AppData\Local\ELAN_7.1\runtime\bin\zip.dll
Event: 0.384 Loaded shared library C:\Users\jerem\AppData\Local\ELAN_7.1\runtime\bin\zip.dll
Event: 0.473 Attempting to load shared library C:\Users\jerem\AppData\Local\ELAN_7.1\runtime\bin\jimage.dll
Event: 0.473 Loaded shared library C:\Users\jerem\AppData\Local\ELAN_7.1\runtime\bin\jimage.dll
Event: 3.899 Attempting to load shared library C:\Users\jerem\AppData\Local\ELAN_7.1\runtime\bin\awt.dll
Event: 3.908 Loaded shared library C:\Users\jerem\AppData\Local\ELAN_7.1\runtime\bin\awt.dll
Event: 4.144 Attempting to load shared library C:\Users\jerem\AppData\Local\ELAN_7.1\runtime\bin\verify.dll
Event: 4.145 Loaded shared library C:\Users\jerem\AppData\Local\ELAN_7.1\runtime\bin\verify.dll
Event: 4.618 Attempting to load shared library C:\Users\jerem\AppData\Local\ELAN_7.1\runtime\bin\freetype.dll
Event: 4.620 Loaded shared library C:\Users\jerem\AppData\Local\ELAN_7.1\runtime\bin\freetype.dll
Event: 4.622 Attempting to load shared library C:\Users\jerem\AppData\Local\ELAN_7.1\runtime\bin\fontmanager.dll
Event: 4.625 Loaded shared library C:\Users\jerem\AppData\Local\ELAN_7.1\runtime\bin\fontmanager.dll
Event: 9.682 Attempting to load shared library C:\Users\jerem\AppData\Local\ELAN_7.1\runtime\bin\prefs.dll
Event: 9.684 Loaded shared library C:\Users\jerem\AppData\Local\ELAN_7.1\runtime\bin\prefs.dll
Event: 11.407 Attempting to load shared library C:\Users\jerem\AppData\Local\ELAN_7.1\app\nativelib\DSPlayer.dll
Event: 11.457 Loaded shared library C:\Users\jerem\AppData\Local\ELAN_7.1\app\nativelib\DSPlayer.dll
Event: 11.933 Attempting to load shared library C:\Windows\System32\ucrtbase.dll
Event: 11.933 Loaded shared library C:\Windows\System32\ucrtbase.dll
Event: 11.935 Attempting to load shared library C:\Users\jerem\AppData\Local\ELAN_7.1\runtime\bin\syslookup.dll
Event: 11.935 Loaded shared library C:\Users\jerem\AppData\Local\ELAN_7.1\runtime\bin\syslookup.dll

Deoptimization events (20 events):
Event: 2253.176 Thread 0x00000130c373bf60 DEOPT PACKING pc=0x00000130ab5672c5 sp=0x00000002bb8fea50
Event: 2253.176 Thread 0x00000130c373bf60 DEOPT UNPACKING pc=0x00000130b1731a02 sp=0x00000002bb8fdf08 mode 0
Event: 2256.614 Thread 0x00000130c97367a0 Uncommon trap: trap_request=0xffffff45 fr.pc=0x00000130b2389b18 relative=0x0000000000000098
Event: 2256.614 Thread 0x00000130c97367a0 Uncommon trap: reason=unstable_if action=reinterpret pc=0x00000130b2389b18 method=java.util.concurrent.locks.LockSupport.unpark(Ljava/lang/Thread;)V @ 1 c2
Event: 2256.614 Thread 0x00000130c97367a0 DEOPT PACKING pc=0x00000130b2389b18 sp=0x00000002bf2ff270
Event: 2256.614 Thread 0x00000130c97367a0 DEOPT UNPACKING pc=0x00000130b1800702 sp=0x00000002bf2ff208 mode 2
Event: 2292.889 Thread 0x00000130c373bf60 Uncommon trap: trap_request=0xffffff45 fr.pc=0x00000130b1ed9b80 relative=0x0000000000001e80
Event: 2292.889 Thread 0x00000130c373bf60 Uncommon trap: reason=unstable_if action=reinterpret pc=0x00000130b1ed9b80 method=sun.awt.im.InputMethodContext.dispatchEvent(Ljava/awt/AWTEvent;)V @ 53 c2
Event: 2292.889 Thread 0x00000130c373bf60 DEOPT PACKING pc=0x00000130b1ed9b80 sp=0x00000002bb8fe4b0
Event: 2292.889 Thread 0x00000130c373bf60 DEOPT UNPACKING pc=0x00000130b1800702 sp=0x00000002bb8fe408 mode 2
Event: 2309.521 Thread 0x00000130c373bf60 Uncommon trap: trap_request=0xffffff66 fr.pc=0x00000130b1f3d1c0 relative=0x0000000000000240
Event: 2309.521 Thread 0x00000130c373bf60 Uncommon trap: reason=loop_limit_check action=maybe_recompile pc=0x00000130b1f3d1c0 method=java.math.BigInteger.implMulAdd([I[IIII)I @ 26 c2
Event: 2309.521 Thread 0x00000130c373bf60 DEOPT PACKING pc=0x00000130b1f3d1c0 sp=0x00000002bb8fda20
Event: 2309.521 Thread 0x00000130c373bf60 DEOPT UNPACKING pc=0x00000130b1800702 sp=0x00000002bb8fd970 mode 2
Event: 2311.765 Thread 0x00000130c373bf60 DEOPT PACKING pc=0x00000130ab5fbc6b sp=0x00000002bb8fed20
Event: 2311.765 Thread 0x00000130c373bf60 DEOPT UNPACKING pc=0x00000130b1731a02 sp=0x00000002bb8fe1f8 mode 0
Event: 2368.087 Thread 0x00000130c373bf60 Uncommon trap: trap_request=0xffffffbe fr.pc=0x00000130b2350cf0 relative=0x0000000000000f50
Event: 2368.087 Thread 0x00000130c373bf60 Uncommon trap: reason=profile_predicate action=maybe_recompile pc=0x00000130b2350cf0 method=mpi.eudico.client.annotator.viewer.TimeLineViewer.updateActiveAnnotation()V @ 27 c2
Event: 2368.087 Thread 0x00000130c373bf60 DEOPT PACKING pc=0x00000130b2350cf0 sp=0x00000002bb8fed80
Event: 2368.087 Thread 0x00000130c373bf60 DEOPT UNPACKING pc=0x00000130b1800702 sp=0x00000002bb8fed00 mode 2

Classes loaded (20 events):
Event: 1581.304 Loading class sun/datatransfer/DataFlavorUtil$DataFlavorComparator done
Event: 1581.304 Loading class sun/datatransfer/DataFlavorUtil$TextFlavorComparator done
Event: 1894.783 Loading class sun/awt/datatransfer/ClipboardTransferable
Event: 1894.797 Loading class sun/awt/datatransfer/ClipboardTransferable done
Event: 1894.857 Loading class java/util/AbstractMap$SimpleEntry
Event: 1894.857 Loading class java/util/AbstractMap$SimpleEntry done
Event: 1894.875 Loading class sun/awt/datatransfer/ClipboardTransferable$DataFactory
Event: 1894.877 Loading class sun/awt/datatransfer/ClipboardTransferable$DataFactory done
Event: 2068.575 Loading class sun/util/locale/LocaleExtensions
Event: 2068.588 Loading class sun/util/locale/LocaleExtensions done
Event: 2197.037 Loading class java/util/regex/Pattern$SliceU
Event: 2197.037 Loading class java/util/regex/Pattern$SliceU done
Event: 2197.456 Loading class java/lang/Throwable$WrappedPrintStream
Event: 2197.456 Loading class java/lang/Throwable$PrintStreamOrWriter
Event: 2197.456 Loading class java/lang/Throwable$PrintStreamOrWriter done
Event: 2197.456 Loading class java/lang/Throwable$WrappedPrintStream done
Event: 2197.470 Loading class java/lang/StackTraceElement$HashedModules
Event: 2197.470 Loading class java/lang/StackTraceElement$HashedModules done
Event: 2220.750 Loading class java/awt/Scrollbar
Event: 2220.763 Loading class java/awt/Scrollbar done

Classes unloaded (20 events):
Event: 1665.775 Thread 0x00000130beb69840 Unloading class 0x0000000023401c00 'java/lang/invoke/LambdaForm$DMH+0x0000000023401c00'
Event: 1665.775 Thread 0x00000130beb69840 Unloading class 0x0000000023400c00 'java/lang/invoke/LambdaForm$MH+0x0000000023400c00'
Event: 1665.775 Thread 0x00000130beb69840 Unloading class 0x0000000023400800 'java/lang/invoke/LambdaForm$MH+0x0000000023400800'
Event: 1665.775 Thread 0x00000130beb69840 Unloading class 0x0000000023400400 'java/lang/invoke/LambdaForm$MH+0x0000000023400400'
Event: 1665.775 Thread 0x00000130beb69840 Unloading class 0x00000000233df800 'java/lang/invoke/LambdaForm$MH+0x00000000233df800'
Event: 1665.775 Thread 0x00000130beb69840 Unloading class 0x00000000233df400 'java/lang/invoke/LambdaForm$MH+0x00000000233df400'
Event: 1665.775 Thread 0x00000130beb69840 Unloading class 0x00000000233df000 'java/lang/invoke/LambdaForm$MH+0x00000000233df000'
Event: 1665.775 Thread 0x00000130beb69840 Unloading class 0x00000000233de800 'java/lang/invoke/LambdaForm$DMH+0x00000000233de800'
Event: 1665.775 Thread 0x00000130beb69840 Unloading class 0x00000000233da000 'java/lang/invoke/LambdaForm$DMH+0x00000000233da000'
Event: 1665.775 Thread 0x00000130beb69840 Unloading class 0x00000000233d9c00 'java/lang/invoke/LambdaForm$DMH+0x00000000233d9c00'
Event: 1665.775 Thread 0x00000130beb69840 Unloading class 0x00000000232a8000 'java/lang/invoke/LambdaForm$BMH+0x00000000232a8000'
Event: 1665.775 Thread 0x00000130beb69840 Unloading class 0x00000000232a7000 'java/lang/invoke/LambdaForm$BMH+0x00000000232a7000'
Event: 1665.775 Thread 0x00000130beb69840 Unloading class 0x00000000232a5c00 'java/lang/invoke/LambdaForm$BMH+0x00000000232a5c00'
Event: 1665.775 Thread 0x00000130beb69840 Unloading class 0x00000000232a5000 'java/lang/invoke/LambdaForm$MH+0x00000000232a5000'
Event: 1665.775 Thread 0x00000130beb69840 Unloading class 0x000000002318d000 'java/lang/invoke/LambdaForm$DMH+0x000000002318d000'
Event: 1665.775 Thread 0x00000130beb69840 Unloading class 0x000000002318c000 'java/lang/invoke/LambdaForm$DMH+0x000000002318c000'
Event: 1665.775 Thread 0x00000130beb69840 Unloading class 0x0000000023141400 'java/lang/invoke/LambdaForm$DMH+0x0000000023141400'
Event: 1665.775 Thread 0x00000130beb69840 Unloading class 0x0000000023140400 'java/lang/invoke/LambdaForm$DMH+0x0000000023140400'
Event: 1665.775 Thread 0x00000130beb69840 Unloading class 0x00000000230c0c00 'java/lang/invoke/LambdaForm$MH+0x00000000230c0c00'
Event: 2045.908 Thread 0x00000130beb69840 Unloading class 0x000000002318e800 'java/lang/invoke/LambdaForm$MH+0x000000002318e800'

Classes redefined (0 events):
No events

Internal exceptions (20 events):
Event: 2256.697 Thread 0x00000130c9734090 Exception <a 'java/lang/InterruptedException'{0x00000000a8d82100}: sleep interrupted> (0x00000000a8d82100) 
thrown [s\open\src\hotspot\share\prims\jvm.cpp, line 2873]
Event: 2256.698 Thread 0x00000130c5620f40 Exception <a 'java/lang/InterruptedException'{0x00000000a8e00f70}: sleep interrupted> (0x00000000a8e00f70) 
thrown [s\open\src\hotspot\share\prims\jvm.cpp, line 2873]
Event: 2257.967 Thread 0x00000130c6b4ac70 Exception <a 'java/lang/InterruptedException'{0x00000000a6101500}: sleep interrupted> (0x00000000a6101500) 
thrown [s\open\src\hotspot\share\prims\jvm.cpp, line 2873]
Event: 2288.534 Thread 0x00000130c8e639b0 Exception <a 'java/lang/InterruptedException'{0x00000000a8c022c8}: sleep interrupted> (0x00000000a8c022c8) 
thrown [s\open\src\hotspot\share\prims\jvm.cpp, line 2873]
Event: 2288.534 Thread 0x00000130c8e62a10 Exception <a 'java/lang/InterruptedException'{0x00000000a8e80dc0}: sleep interrupted> (0x00000000a8e80dc0) 
thrown [s\open\src\hotspot\share\prims\jvm.cpp, line 2873]
Event: 2292.058 Thread 0x00000130c8e639b0 Exception <a 'java/lang/InterruptedException'{0x00000000a8c01c38}: sleep interrupted> (0x00000000a8c01c38) 
thrown [s\open\src\hotspot\share\prims\jvm.cpp, line 2873]
Event: 2292.058 Thread 0x00000130c8e64950 Exception <a 'java/lang/InterruptedException'{0x00000000fff62928}: sleep interrupted> (0x00000000fff62928) 
thrown [s\open\src\hotspot\share\prims\jvm.cpp, line 2873]
Event: 2307.213 Thread 0x00000130c5623650 Exception <a 'java/lang/InterruptedException'{0x00000000a8703108}: sleep interrupted> (0x00000000a8703108) 
thrown [s\open\src\hotspot\share\prims\jvm.cpp, line 2873]
Event: 2307.214 Thread 0x00000130c5621ee0 Exception <a 'java/lang/InterruptedException'{0x00000000a89817b0}: sleep interrupted> (0x00000000a89817b0) 
thrown [s\open\src\hotspot\share\prims\jvm.cpp, line 2873]
Event: 2363.099 Thread 0x00000130c539d7b0 Exception <a 'java/lang/InterruptedException'{0x00000000a65945b0}: sleep interrupted> (0x00000000a65945b0) 
thrown [s\open\src\hotspot\share\prims\jvm.cpp, line 2873]
Event: 2364.953 Thread 0x00000130c66e52c0 Exception <a 'java/lang/InterruptedException'{0x00000000a6204bf8}: sleep interrupted> (0x00000000a6204bf8) 
thrown [s\open\src\hotspot\share\prims\jvm.cpp, line 2873]
Event: 2377.382 Thread 0x00000130c621b430 Exception <a 'java/lang/InterruptedException'{0x00000000a7c9d778}: sleep interrupted> (0x00000000a7c9d778) 
thrown [s\open\src\hotspot\share\prims\jvm.cpp, line 2873]
Event: 2377.382 Thread 0x00000130c6220250 Exception <a 'java/lang/InterruptedException'{0x00000000a7ce5198}: sleep interrupted> (0x00000000a7ce5198) 
thrown [s\open\src\hotspot\share\prims\jvm.cpp, line 2873]
Event: 2380.951 Thread 0x00000130c4eff9e0 Exception <a 'java/lang/InterruptedException'{0x00000000a8a86240}: sleep interrupted> (0x00000000a8a86240) 
thrown [s\open\src\hotspot\share\prims\jvm.cpp, line 2873]
Event: 2380.951 Thread 0x00000130c621c3d0 Exception <a 'java/lang/InterruptedException'{0x00000000a8b03240}: sleep interrupted> (0x00000000a8b03240) 
thrown [s\open\src\hotspot\share\prims\jvm.cpp, line 2873]
Event: 2383.184 Thread 0x00000130c8e64950 Exception <a 'java/lang/InterruptedException'{0x00000000a8c805d0}: sleep interrupted> (0x00000000a8c805d0) 
thrown [s\open\src\hotspot\share\prims\jvm.cpp, line 2873]
Event: 2383.185 Thread 0x00000130c56226b0 Exception <a 'java/lang/InterruptedException'{0x00000000a8ca5190}: sleep interrupted> (0x00000000a8ca5190) 
thrown [s\open\src\hotspot\share\prims\jvm.cpp, line 2873]
Event: 2387.518 Thread 0x00000130c5622e80 Exception <a 'java/lang/InterruptedException'{0x00000000a8a84758}: sleep interrupted> (0x00000000a8a84758) 
thrown [s\open\src\hotspot\share\prims\jvm.cpp, line 2873]
Event: 2387.519 Thread 0x00000130c5620770 Exception <a 'java/lang/InterruptedException'{0x00000000a8b034f0}: sleep interrupted> (0x00000000a8b034f0) 
thrown [s\open\src\hotspot\share\prims\jvm.cpp, line 2873]
Event: 2399.697 Thread 0x00000130c6b4c3e0 Exception <a 'java/lang/InterruptedException'{0x00000000a5a0fa50}: sleep interrupted> (0x00000000a5a0fa50) 
thrown [s\open\src\hotspot\share\prims\jvm.cpp, line 2873]

VM Operations (20 events):
Event: 2349.367 Executing safepoint VM operation: G1CollectForAllocation (G1 Evacuation Pause)
Event: 2349.375 Executing safepoint VM operation: G1CollectForAllocation (G1 Evacuation Pause) done
Event: 2349.418 Executing safepoint VM operation: G1PauseRemark
Event: 2349.424 Executing safepoint VM operation: G1PauseRemark done
Event: 2349.441 Executing safepoint VM operation: G1PauseCleanup
Event: 2349.441 Executing safepoint VM operation: G1PauseCleanup done
Event: 2367.015 Executing safepoint VM operation: G1CollectForAllocation (G1 Evacuation Pause)
Event: 2367.020 Executing safepoint VM operation: G1CollectForAllocation (G1 Evacuation Pause) done
Event: 2379.317 Executing safepoint VM operation: G1CollectForAllocation (G1 Evacuation Pause)
Event: 2379.324 Executing safepoint VM operation: G1CollectForAllocation (G1 Evacuation Pause) done
Event: 2383.052 Executing safepoint VM operation: G1CollectForAllocation (G1 Evacuation Pause)
Event: 2383.056 Executing safepoint VM operation: G1CollectForAllocation (G1 Evacuation Pause) done
Event: 2383.112 Executing safepoint VM operation: G1PauseRemark
Event: 2383.119 Executing safepoint VM operation: G1PauseRemark done
Event: 2383.143 Executing safepoint VM operation: G1PauseCleanup
Event: 2383.143 Executing safepoint VM operation: G1PauseCleanup done
Event: 2386.133 Executing safepoint VM operation: G1CollectForAllocation (G1 Evacuation Pause)
Event: 2386.137 Executing safepoint VM operation: G1CollectForAllocation (G1 Evacuation Pause) done
Event: 2401.992 Executing safepoint VM operation: G1CollectForAllocation (G1 Evacuation Pause)
Event: 2402.001 Executing safepoint VM operation: G1CollectForAllocation (G1 Evacuation Pause) done

Memory protections (0 events):
No events

Nmethod flushes (20 events):
Event: 2349.423 Thread 0x00000130beb69840 flushing  nmethod 0x00000130aa867c08
Event: 2349.423 Thread 0x00000130beb69840 flushing  nmethod 0x00000130aa986608
Event: 2349.423 Thread 0x00000130beb69840 flushing  nmethod 0x00000130aa9d0688
Event: 2383.118 Thread 0x00000130beb69840 flushing  nmethod 0x00000130b1f3ce88
Event: 2383.118 Thread 0x00000130beb69840 flushing  nmethod 0x00000130aa452a08
Event: 2383.118 Thread 0x00000130beb69840 flushing  nmethod 0x00000130aa4a9908
Event: 2383.118 Thread 0x00000130beb69840 flushing  nmethod 0x00000130ab410408
Event: 2383.118 Thread 0x00000130beb69840 flushing  nmethod 0x00000130aa4cc708
Event: 2383.118 Thread 0x00000130beb69840 flushing  nmethod 0x00000130aa93d088
Event: 2383.118 Thread 0x00000130beb69840 flushing  nmethod 0x00000130aac8df88
Event: 2383.118 Thread 0x00000130beb69840 flushing  nmethod 0x00000130aae35688
Event: 2383.118 Thread 0x00000130beb69840 flushing  nmethod 0x00000130ab11d608
Event: 2383.118 Thread 0x00000130beb69840 flushing  nmethod 0x00000130ab5f9d08
Event: 2383.118 Thread 0x00000130beb69840 flushing  nmethod 0x00000130aac5aa08
Event: 2383.118 Thread 0x00000130beb69840 flushing  nmethod 0x00000130aac5b408
Event: 2383.118 Thread 0x00000130beb69840 flushing  nmethod 0x00000130aac84088
Event: 2383.118 Thread 0x00000130beb69840 flushing  nmethod 0x00000130ab015e88
Event: 2383.118 Thread 0x00000130beb69840 flushing  nmethod 0x00000130ab10a688
Event: 2383.118 Thread 0x00000130beb69840 flushing  nmethod 0x00000130ab486108
Event: 2383.118 Thread 0x00000130beb69840 flushing  nmethod 0x00000130ab627a88

Events (20 events):
Event: 2387.519 Thread 0x00000130c373bf60 Thread added: 0x00000130c5bbe960
Event: 2387.519 Thread 0x00000130c373bf60 Thread added: 0x00000130c5bbf900
Event: 2387.519 Thread 0x00000130c4efd2d0 Thread exited: 0x00000130c4efd2d0
Event: 2387.519 Thread 0x00000130c4efea40 Thread exited: 0x00000130c4efea40
Event: 2387.520 Thread 0x00000130c4eff9e0 Thread exited: 0x00000130c4eff9e0
Event: 2387.520 Thread 0x00000130c4eff210 Thread exited: 0x00000130c4eff210
Event: 2387.520 Thread 0x00000130c4efc330 Thread exited: 0x00000130c4efc330
Event: 2387.520 Thread 0x00000130c4f00980 Thread exited: 0x00000130c4f00980
Event: 2387.520 Thread 0x00000130c4efa3f0 Thread exited: 0x00000130c4efa3f0
Event: 2387.520 Thread 0x00000130c4f001b0 Thread exited: 0x00000130c4f001b0
Event: 2387.520 Thread 0x00000130c5bbe190 Thread exited: 0x00000130c5bbe190
Event: 2387.520 Thread 0x00000130c621a490 Thread exited: 0x00000130c621a490
Event: 2387.521 Thread 0x00000130c5bc08a0 Thread exited: 0x00000130c5bc08a0
Event: 2387.521 Thread 0x00000130c5bbd1f0 Thread exited: 0x00000130c5bbd1f0
Event: 2387.521 Thread 0x00000130c5bc00d0 Thread exited: 0x00000130c5bc00d0
Event: 2387.521 Thread 0x00000130c5bbd9c0 Thread exited: 0x00000130c5bbd9c0
Event: 2387.521 Thread 0x00000130c5bbe960 Thread exited: 0x00000130c5bbe960
Event: 2387.522 Thread 0x00000130c5bbf900 Thread exited: 0x00000130c5bbf900
Event: 2387.623 Thread 0x00000130c5620f40 Thread exited: 0x00000130c5620f40
Event: 2399.697 Thread 0x00000130c6b4c3e0 Thread exited: 0x00000130c6b4c3e0


Dynamic libraries:
0x00007ff7da3a0000 - 0x00007ff7da42a000 	C:\Users\jerem\AppData\Local\ELAN_7.1\ELAN_7.1.exe
0x00007ffa08ba0000 - 0x00007ffa08e07000 	C:\WINDOWS\SYSTEM32\ntdll.dll
0x00007ffa07b20000 - 0x00007ffa07be9000 	C:\WINDOWS\System32\KERNEL32.DLL
0x00007ffa05700000 - 0x00007ffa05af4000 	C:\WINDOWS\System32\KERNELBASE.dll
0x00007ffa081a0000 - 0x00007ffa08907000 	C:\WINDOWS\System32\SHELL32.dll
0x00007ffa055a0000 - 0x00007ffa05643000 	C:\WINDOWS\System32\msvcp_win.dll
0x00007ffa05b00000 - 0x00007ffa05c4b000 	C:\WINDOWS\System32\ucrtbase.dll
0x00007ffa06a00000 - 0x00007ffa06bc5000 	C:\WINDOWS\System32\USER32.dll
0x00007ffa06610000 - 0x00007ffa06637000 	C:\WINDOWS\System32\win32u.dll
0x00007ffa08a30000 - 0x00007ffa08a5b000 	C:\WINDOWS\System32\GDI32.dll
0x00007ffa05470000 - 0x00007ffa0559b000 	C:\WINDOWS\System32\gdi32full.dll
0x00007ffa06640000 - 0x00007ffa067aa000 	C:\WINDOWS\System32\wintypes.dll
0x00007ffa07e10000 - 0x00007ffa08192000 	C:\WINDOWS\System32\combase.dll
0x00007ffa07bf0000 - 0x00007ffa07d08000 	C:\WINDOWS\System32\RPCRT4.dll
0x00007ffa07d40000 - 0x00007ffa07d72000 	C:\WINDOWS\System32\IMM32.DLL
0x00007ffa08a60000 - 0x00007ffa08b58000 	C:\WINDOWS\System32\shcore.dll
0x00007ff9ee430000 - 0x00007ff9ee447000 	C:\Users\jerem\AppData\Local\ELAN_7.1\runtime\bin\jli.dll
0x00007ff9e8a10000 - 0x00007ff9e8ac5000 	C:\WINDOWS\WinSxS\amd64_microsoft.windows.common-controls_6595b64144ccf1df_5.82.26100.8115_none_87ecef177a2e8a19\COMCTL32.dll
0x00007ffa06f60000 - 0x00007ffa07016000 	C:\WINDOWS\System32\ADVAPI32.dll
0x00007ffa06bd0000 - 0x00007ffa06c79000 	C:\WINDOWS\System32\msvcrt.dll
0x00007ffa06e60000 - 0x00007ffa06f07000 	C:\WINDOWS\System32\sechost.dll
0x00007ff9ee370000 - 0x00007ff9ee38e000 	C:\Users\jerem\AppData\Local\ELAN_7.1\runtime\bin\VCRUNTIME140.dll
0x00007ffa007e0000 - 0x00007ffa007ec000 	C:\Users\jerem\AppData\Local\ELAN_7.1\runtime\bin\vcruntime140_1.dll
0x00007ff9ccb40000 - 0x00007ff9ccbcd000 	C:\Users\jerem\AppData\Local\ELAN_7.1\runtime\bin\msvcp140.dll
0x00007ff9675c0000 - 0x00007ff96848e000 	C:\Users\jerem\AppData\Local\ELAN_7.1\runtime\bin\server\jvm.dll
0x00007ffa07870000 - 0x00007ffa078f0000 	C:\WINDOWS\System32\WS2_32.dll
0x00007ff9f9dc0000 - 0x00007ff9f9df6000 	C:\WINDOWS\SYSTEM32\WINMM.dll
0x00007ff9fc630000 - 0x00007ff9fc63b000 	C:\WINDOWS\SYSTEM32\VERSION.dll
0x00007ffa052d0000 - 0x00007ffa0532e000 	C:\WINDOWS\SYSTEM32\POWRPROF.dll
0x00007ffa052b0000 - 0x00007ffa052c4000 	C:\WINDOWS\SYSTEM32\UMPDC.dll
0x00007ffa041e0000 - 0x00007ffa041fb000 	C:\WINDOWS\SYSTEM32\kernel.appcore.dll
0x00007ff9efc30000 - 0x00007ff9efc3a000 	C:\Users\jerem\AppData\Local\ELAN_7.1\runtime\bin\jimage.dll
0x00007ffa02da0000 - 0x00007ffa02fe2000 	C:\WINDOWS\SYSTEM32\DBGHELP.DLL
0x00007ffa07690000 - 0x00007ffa07768000 	C:\WINDOWS\System32\OLEAUT32.dll
0x00007ff9ea490000 - 0x00007ff9ea4cb000 	C:\WINDOWS\SYSTEM32\dbgcore.DLL
0x00007ffa05650000 - 0x00007ffa056f5000 	C:\WINDOWS\System32\bcryptPrimitives.dll
0x00007ff9ed530000 - 0x00007ff9ed54f000 	C:\Users\jerem\AppData\Local\ELAN_7.1\runtime\bin\java.dll
0x00007ffa07900000 - 0x00007ffa07a97000 	C:\WINDOWS\System32\ole32.dll
0x00007ffa05d10000 - 0x00007ffa06578000 	C:\WINDOWS\System32\windows.storage.dll
0x00007ffa07ab0000 - 0x00007ffa07b16000 	C:\WINDOWS\System32\shlwapi.dll
0x00007ffa05390000 - 0x00007ffa053b9000 	C:\WINDOWS\SYSTEM32\profapi.dll
0x00007ff9e7640000 - 0x00007ff9e7652000 	C:\Users\jerem\AppData\Local\ELAN_7.1\runtime\bin\net.dll
0x00007ffa04770000 - 0x00007ffa047dc000 	C:\WINDOWS\system32\mswsock.dll
0x00007ff9e75e0000 - 0x00007ff9e75f6000 	C:\Users\jerem\AppData\Local\ELAN_7.1\runtime\bin\nio.dll
0x00007ff9e7580000 - 0x00007ff9e7597000 	C:\Users\jerem\AppData\Local\ELAN_7.1\runtime\bin\zip.dll
0x00007ff9b51a0000 - 0x00007ff9b5324000 	C:\Users\jerem\AppData\Local\ELAN_7.1\runtime\bin\awt.dll
0x00007ffa02900000 - 0x00007ffa0299f000 	C:\WINDOWS\SYSTEM32\apphelp.dll
0x00007ffa02b10000 - 0x00007ffa02bb9000 	C:\WINDOWS\system32\uxtheme.dll
0x00007ffa074b0000 - 0x00007ffa0760c000 	C:\WINDOWS\System32\MSCTF.dll
0x00007ffa02d50000 - 0x00007ffa02d7f000 	C:\WINDOWS\system32\DWMAPI.DLL
0x00007ff970c00000 - 0x00007ff970d0f000 	C:\WINDOWS\system32\opengl32.dll
0x00007ff9ea520000 - 0x00007ff9ea54d000 	C:\WINDOWS\SYSTEM32\GLU32.dll
0x00007ffa02c30000 - 0x00007ffa02c73000 	C:\WINDOWS\SYSTEM32\dxcore.dll
0x00007ff9ea510000 - 0x00007ff9ea520000 	C:\Users\jerem\AppData\Local\ELAN_7.1\runtime\bin\verify.dll
0x00007ff9c8330000 - 0x00007ff9c83b7000 	C:\Users\jerem\AppData\Local\ELAN_7.1\runtime\bin\freetype.dll
0x00007ff9c4140000 - 0x00007ff9c422f000 	C:\Users\jerem\AppData\Local\ELAN_7.1\runtime\bin\fontmanager.dll
0x00007ffa028d0000 - 0x00007ffa028f9000 	C:\WINDOWS\system32\Wtsapi32.dll
0x00007ffa067b0000 - 0x00007ffa06927000 	C:\WINDOWS\System32\CRYPT32.dll
0x00007ffa04480000 - 0x00007ffa044c9000 	C:\WINDOWS\SYSTEM32\SspiCli.dll
0x00007ffa05070000 - 0x00007ffa050d2000 	C:\WINDOWS\SYSTEM32\WINSTA.dll
0x00007ff9e9f20000 - 0x00007ff9e9f29000 	C:\Users\jerem\AppData\Local\ELAN_7.1\runtime\bin\prefs.dll
0x00007ff9e0240000 - 0x00007ff9e0388000 	C:\WINDOWS\SYSTEM32\textinputframework.dll
0x00007ffa06940000 - 0x00007ffa069ee000 	C:\WINDOWS\System32\clbcatq.dll
0x00007ff9e8070000 - 0x00007ff9e8303000 	C:\WINDOWS\WinSxS\amd64_microsoft.windows.common-controls_6595b64144ccf1df_6.0.26100.8115_none_3e075c82e3354f9c\comctl32.dll
0x00007ffa00b30000 - 0x00007ffa00d5e000 	C:\WINDOWS\SYSTEM32\WindowsCodecs.dll
0x00007ff9cbb90000 - 0x00007ff9cbbea000 	C:\WINDOWS\system32\dataexchange.dll
0x00007ff9f33c0000 - 0x00007ff9f360d000 	C:\WINDOWS\system32\twinapi.appcore.dll
0x00007ff9e4160000 - 0x00007ff9e4174000 	C:\Users\jerem\AppData\Local\ELAN_7.1\app\nativelib\DSPlayer.dll
0x00007ff9e9e90000 - 0x00007ff9e9e97000 	C:\Users\jerem\AppData\Local\ELAN_7.1\runtime\bin\jawt.dll
0x00007ff9b4fa0000 - 0x00007ff9b5195000 	C:\WINDOWS\SYSTEM32\QUARTZ.dll
0x00007ffa05360000 - 0x00007ffa0538a000 	C:\WINDOWS\SYSTEM32\bcrypt.dll
0x00007ff99b710000 - 0x00007ff99b731000 	C:\Windows\System32\devenum.dll
0x00007ffa04fb0000 - 0x00007ffa05001000 	C:\Windows\System32\CFGMGR32.dll
0x00007ffa007c0000 - 0x00007ffa007ce000 	C:\WINDOWS\SYSTEM32\msdmo.dll
0x00007ff9de360000 - 0x00007ff9de38c000 	C:\Windows\System32\qasf.dll
0x00007ff9a6ba0000 - 0x00007ff9a6dac000 	C:\Windows\System32\WMVCore.DLL
0x00007ffa04a50000 - 0x00007ffa04a6b000 	C:\WINDOWS\SYSTEM32\cryptsp.dll
0x00007ff9d7a60000 - 0x00007ff9d7ab4000 	C:\Windows\System32\WMASF.DLL
0x00007ff9de2e0000 - 0x00007ff9de300000 	C:\Windows\System32\mp3dmod.dll
0x00007ff9f8a10000 - 0x00007ff9f8c2a000 	C:\WINDOWS\SYSTEM32\mfplat.DLL
0x00007ff9f9440000 - 0x00007ff9f947c000 	C:\WINDOWS\SYSTEM32\RTWorkQ.DLL
0x00007ff994600000 - 0x00007ff994621000 	C:\WINDOWS\SYSTEM32\MSACM32.DLL
0x00007ff9e66a0000 - 0x00007ff9e66d7000 	C:\WINDOWS\SYSTEM32\winmmbase.dll
0x00007ff9e3f20000 - 0x00007ff9e3f2e000 	C:\WINDOWS\SYSTEM32\imaadp32.acm
0x00007ff9e9090000 - 0x00007ff9e909d000 	C:\WINDOWS\SYSTEM32\msadp32.acm
0x00007ff9e7570000 - 0x00007ff9e757b000 	C:\WINDOWS\SYSTEM32\msg711.acm
0x00007ff9dc1d0000 - 0x00007ff9dc1df000 	C:\WINDOWS\SYSTEM32\msgsm32.acm
0x00007ff9dc170000 - 0x00007ff9dc18d000 	C:\Windows\System32\l3codeca.acm
0x00007ff9c5140000 - 0x00007ff9c51fa000 	C:\Windows\System32\msmpeg2adec.dll
0x00007ff941070000 - 0x00007ff9411a0000 	C:\Windows\System32\mfperfhelper.dll
0x00007ff9c1f40000 - 0x00007ff9c2057000 	C:\Windows\System32\msmpeg2ac3dec.dll
0x00007ff9ff490000 - 0x00007ff9ff49b000 	C:\WINDOWS\SYSTEM32\avrt.dll
0x00007ff9fbee0000 - 0x00007ff9fbf77000 	C:\WINDOWS\SYSTEM32\MMDevAPI.DLL
0x00007ff994120000 - 0x00007ff994167000 	C:\WINDOWS\SYSTEM32\wdmaud.drv
0x00007ff9ce9a0000 - 0x00007ff9ce9c3000 	C:\WINDOWS\SYSTEM32\wdmaud2.drv
0x00007ffa05010000 - 0x00007ffa0503d000 	C:\WINDOWS\SYSTEM32\DEVOBJ.dll
0x00007ff9e17a0000 - 0x00007ff9e1952000 	C:\WINDOWS\SYSTEM32\AUDIOSES.DLL
0x00007ff9ddbf0000 - 0x00007ff9ddbff000 	C:\WINDOWS\SYSTEM32\msacm32.drv
0x00007ffa027a0000 - 0x00007ffa027ac000 	C:\WINDOWS\SYSTEM32\midimap.dll
0x00007ff9717e0000 - 0x00007ff971874000 	C:\WINDOWS\SYSTEM32\DSOUND.DLL
0x00007ff96be90000 - 0x00007ff96bf41000 	C:\WINDOWS\SYSTEM32\ResampleDmo.DLL
0x00007ffa03520000 - 0x00007ffa03534000 	C:\WINDOWS\SYSTEM32\resourcepolicyclient.dll
0x00007ffa07020000 - 0x00007ffa074a7000 	C:\WINDOWS\System32\setupapi.dll
0x00007ffa04300000 - 0x00007ffa04336000 	C:\WINDOWS\SYSTEM32\ntmarta.dll
0x00007ffa06580000 - 0x00007ffa06602000 	C:\WINDOWS\System32\WINTRUST.dll
0x00007ffa04ac0000 - 0x00007ffa04ad3000 	C:\WINDOWS\SYSTEM32\MSASN1.dll
0x00007ff9e41d0000 - 0x00007ff9e41d9000 	C:\Users\jerem\AppData\Local\ELAN_7.1\runtime\bin\syslookup.dll
0x00007ffa023c0000 - 0x00007ffa024e7000 	C:\WINDOWS\SYSTEM32\CoreMessaging.dll
0x00007ff9fc710000 - 0x00007ff9fc9f2000 	C:\WINDOWS\SYSTEM32\CoreUIComponents.dll
0x00007ffa04a70000 - 0x00007ffa04a7c000 	C:\WINDOWS\SYSTEM32\CRYPTBASE.DLL
0x00007ff9cd550000 - 0x00007ff9cd5cb000 	C:\WINDOWS\system32\Ninput.dll
0x00007ff9e3a30000 - 0x00007ff9e3b89000 	C:\Windows\System32\Windows.UI.dll

JVMTI agents: none

dbghelp: loaded successfully - version: 4.0.5 - missing functions: none
symbol engine: initialized successfully - sym options: 0x614 - pdb path: .;C:\Users\jerem\AppData\Local\ELAN_7.1;C:\WINDOWS\SYSTEM32;C:\Users\jerem\AppData\Local\ELAN_7.1\runtime\bin;C:\WINDOWS\WinSxS\amd64_microsoft.windows.common-controls_6595b64144ccf1df_5.82.26100.8115_none_87ecef177a2e8a19;C:\Users\jerem\AppData\Local\ELAN_7.1\runtime\bin\server;C:\WINDOWS\WinSxS\amd64_microsoft.windows.common-controls_6595b64144ccf1df_6.0.26100.8115_none_3e075c82e3354f9c;C:\Users\jerem\AppData\Local\ELAN_7.1\app\nativelib

VM Arguments:
jvm_args: -Djpackage.app-version=7.1 -Djava.library.path=C:\Users\jerem\AppData\Local\ELAN_7.1\app/nativelib -Xms128m -Xmx1536m -Delan.properties=C:\Users\jerem\AppData\Local\ELAN_7.1\app/elan.properties -Dswing.aatext=true -Dsun.net.client.defaultConnectTimeout=-1 -Dapp.extensions.dir=C:\Users\jerem\AppData\Local\ELAN_7.1\app/extensions -Dhsqldb.reconfig_logging=false --add-opens=java.base/java.lang=ALL-UNNAMED -Djava.util.logging.config.file=C:\Users\jerem\AppData\Local\ELAN_7.1\app/elanlog.properties -Dsun.java2d.uiScale.enabled=true -Djpackage.app-path=C:\Users\jerem\AppData\Local\ELAN_7.1\ELAN_7.1.exe 
java_command: mpi.eudico.client.annotator.ELAN C:\Users\jerem\OneDrive - University of Toronto\SiR\francoprovencal\PERRONY pages\aligned_audios\chapter1.eaf
java_class_path (initial): C:\Users\jerem\AppData\Local\ELAN_7.1\app\elan-7.1.jar;C:\Users\jerem\AppData\Local\ELAN_7.1\app\activation-1.1.1.jar;C:\Users\jerem\AppData\Local\ELAN_7.1\app\annot-search-lib-1.8.jar;C:\Users\jerem\AppData\Local\ELAN_7.1\app\annot-tools-1.3.jar;C:\Users\jerem\AppData\Local\ELAN_7.1\app\annotation-schema-1.0.jar;C:\Users\jerem\AppData\Local\ELAN_7.1\app\CJKV-0.3.jar;C:\Users\jerem\AppData\Local\ELAN_7.1\app\commons-codec-1.11.jar;C:\Users\jerem\AppData\Local\ELAN_7.1\app\commons-logging-1.2.jar;C:\Users\jerem\AppData\Local\ELAN_7.1\app\extensions\analyzer-gloss-0.7.jar;C:\Users\jerem\AppData\Local\ELAN_7.1\app\extensions\annotyzer-lexicon-0.9-compound.jar;C:\Users\jerem\AppData\Local\ELAN_7.1\app\extensions\annotyzer-whitespace-split-0.9.jar;C:\Users\jerem\AppData\Local\ELAN_7.1\app\extensions\hecate-ext-1.3\hecate-1.3.jar;C:\Users\jerem\AppData\Local\ELAN_7.1\app\extensions\signbank-ext-0.0.7\signbank-0.0.7.jar;C:\Users\jerem\AppData\Local\ELAN_7.1\app\extensions\webmaus-ext-1.6\maus-1.6.jar;C:\Users\jerem\AppData\Local\ELAN_7.1\app\extensions\whisper-ext-1.2\whisper-1.2.jar;C:\Users\jerem\AppData\Local\ELAN_7.1\app\gim-0.4.jar;C:\Users\jerem\AppData\Local\ELAN_7.1\app\guk-0.7.jar;C:\Users\jerem\AppData\Local\ELAN_7.1\app\help-7.1.jar;C:\Users\jerem\AppData\Local\ELAN_7.1\app\hsqldb-2.7.2.jar;C:\Users\jerem\AppData\Local\ELAN_7.1\app\httpclient-4.5.13.jar;C:\Users\jerem\AppData\Local\ELAN_7.1\app\httpcore-4.4.14.jar;C:\Users\jerem\AppData\Local\ELAN_7.1\app\hunspell-2.1.2.jar;C:\Users\jerem\AppData\Local\ELAN_7.1\app\IPA-0.4.jar;C:\Users\jerem\AppData\Local\ELAN_7.1\app\javafx-base-18.0.1-win.jar;C:\Users\jerem\AppData\Local\ELAN_7.1\app\javafx-base-18.0.1.jar;C:\Users\jerem\AppData\Local\ELAN_7.1\app\javafx-controls-18.0.1-win.jar;C:\Users\jerem\AppData\Local\ELAN_7.1\app\javafx-controls-18.0.1.jar;C:\Users\jerem\AppData\Local\ELAN_7.1\app\javafx-graphics-18.0.1-win.jar;C:\Users\jerem\AppData\Local\ELAN_7.1\app\javafx-graphics-18.0.1.jar;C:\Users\jerem\AppData\Local\ELAN_7.1\app\javafx-media-18.0.1-win.jar;C:\Users\jerem\AppData\Local\ELAN_7.1\app\javafx-media-18.0.1.jar;C:\Users\jerem\AppData\Local\ELAN_7.1\app\javafx-swing-18.0.1-win.jar;C:\Users\jerem\AppData\Local\ELAN_7.1\app\javafx-swing-18.0.1.jar;C:\Users\jerem\AppData\Local\ELAN_7.1\app\javax.activation-api-1.2.0.jar;C:\Users\jerem\AppData\Local\ELAN_7.1\app\jaxb-api-2.3.1.jar;C:\Users\jerem\AppData\Local\ELAN_7.1\app\jaxb-core-2.3.0.1.jar;C:\Users\jerem\AppData\Local\ELAN_7.1\app\jaxb-impl-2.3.0.1.jar;C:\Users\jerem\AppData\Local\ELAN_7.1\app\jhall-2.0.05.jar;C:\Users\jerem\AppData\Local\ELAN_7.1\app\jlfgr-1.0.jar;C:\Users\jerem\AppData\Local\ELAN_7.1\app\jna-5.12.1.jar;C:\Users\jerem\AppData\Local\ELAN_7.1\app\jna-platform-5.12.1.jar;C:\Users\jerem\AppData\Local\ELAN_7.1\app\json-20160212.jar;C:\Users\jerem\AppData\Local\ELAN_7.1\app\lexan-api-1.4.jar;C:\Users\jerem\AppData\Local\ELAN_7.1\app\lexiconcomponent-2.1.jar;C:\Users\jerem\AppData\Local\ELAN_7.1\app\mfsearch-1.8.jar;C:\Users\jerem\AppData\Local\ELAN_7.1\app\staccato-1.0.0.jar;C:\Users\jerem\AppData\Local\ELAN_7.1\app\vlcj-4.2.0.jar;C:\Users\jerem\AppData\Local\ELAN_7.1\app\vlcj-natives-4.1.0.jar;C:\Users\jerem\AppData\Local\ELAN_7.1\app\xalan-2.4.1.jar;C:\Users\jerem\AppData\Local\ELAN_7.1\app\xercesImpl-2.11.0.jar
Launcher Type: SUN_STANDARD

[Global flags]
     bool AOTAdapterCaching                        = false                                  {diagnostic} {ergonomic}
     bool AOTInvokeDynamicLinking                  = false                                  {diagnostic} {ergonomic}
     bool AOTRecordTraining                        = false                                  {diagnostic} {ergonomic}
     bool AOTReplayTraining                        = false                                  {diagnostic} {ergonomic}
     bool AOTStubCaching                           = false                                  {diagnostic} {ergonomic}
     intx CICompilerCount                          = 12                                        {product} {ergonomic}
     uint ConcGCThreads                            = 3                                         {product} {ergonomic}
     uint G1ConcRefinementThreads                  = 13                                        {product} {ergonomic}
     uint G1EagerReclaimRemSetThreshold            = 10                                   {experimental} {ergonomic}
   size_t G1HeapRegionSize                         = 1048576                                   {product} {ergonomic}
     uint G1RemSetArrayOfCardsEntries              = 10                                   {experimental} {ergonomic}
     uint G1RemSetHowlMaxNumBuckets                = 8                                    {experimental} {ergonomic}
     uint G1RemSetHowlNumBuckets                   = 4                                    {experimental} {ergonomic}
   size_t InitialHeapSize                          = 134217728                                 {product} {command line}
     bool IntelJccErratumMitigation                = false                             {ARCH diagnostic} {ergonomic}
   size_t MarkStackSize                            = 4194304                                   {product} {ergonomic}
   size_t MarkStackSizeMax                         = 536870912                                 {product} {ergonomic}
   size_t MaxHeapSize                              = 1610612736                                {product} {command line}
   size_t MaxNewSize                               = 965738496                                 {product} {ergonomic}
 uint64_t MaxRAM                                   = 16876888064                               {product} {ergonomic}
   size_t MinHeapDeltaBytes                        = 1048576                                   {product} {ergonomic}
   size_t MinHeapSize                              = 134217728                                 {product} {command line}
   size_t NonNMethodCodeHeapSize                   = 7602176                                {pd product} {ergonomic}
   size_t NonProfiledCodeHeapSize                  = 122093568                              {pd product} {ergonomic}
   size_t ProfiledCodeHeapSize                     = 121962496                              {pd product} {ergonomic}
   size_t ReservedCodeCacheSize                    = 251658240                              {pd product} {ergonomic}
     bool SegmentedCodeCache                       = true                                      {product} {ergonomic}
   size_t SoftMaxHeapSize                          = 1610612736                             {manageable} {ergonomic}
     bool UseCompressedOops                        = true                           {product lp64_product} {ergonomic}
     bool UseCondCardMark                          = true                                      {product} {ergonomic}
     bool UseFastUnorderedTimeStamps               = true                                 {experimental} {ergonomic}
     bool UseG1GC                                  = true                                      {product} {ergonomic}
     bool UseLargePagesIndividualAllocation        = false                                  {pd product} {ergonomic}
      int X86ICacheSync                            = 3                                 {ARCH diagnostic} {ergonomic}

Logging:
Log output configuration:
 #0: stdout all=warning uptime,level,tags foldmultilines=false
 #1: stderr all=off uptime,level,tags foldmultilines=false

Release file:
JAVA_VERSION="26" 
MODULES="java.base java.datatransfer java.xml java.prefs java.desktop java.logging java.security.sasl java.naming java.net.http java.security.jgss java.transaction.xa java.sql jdk.accessibility jdk.crypto.cryptoki jdk.crypto.ec jdk.crypto.mscapi jdk.security.auth jdk.unsupported jdk.unsupported.desktop" 

Environment Variables:
JAVA_HOME=C:\Program Files\Eclipse Adoptium\jdk-21.0.10.7-hotspot\
PATH=C:\Program Files\Eclipse Adoptium\jdk-21.0.10.7-hotspot\bin;C:\Program Files (x86)\Common Files\Oracle\Java\java8path;C:\Program Files (x86)\Common Files\Oracle\Java\javapath;C:\WINDOWS\system32;C:\WINDOWS;C:\WINDOWS\System32\Wbem;C:\WINDOWS\System32\WindowsPowerShell\v1.0\;C:\WINDOWS\System32\OpenSSH\;C:\Program Files (x86)\PharosSystems\Core;C:\Program Files\Git\cmd;C:\Program Files\Docker\Docker\resources\bin;C:\Users\jerem\AppData\Local\Programs\Python\Python313;C:\Users\jerem\AppData\Local\Programs\Python\Python313\Scripts;C:\Users\jerem\AppData\Local\Programs\Python\Launcher\;C:\Users\jerem\AppData\Local\Microsoft\WindowsApps;C:\Users\jerem\AppData\Local\Programs\Microsoft VS Code\bin;C:\Users\jerem\AppData\Local\Programs\Python\Python313;C:\Users\jerem\AppData\Local\Programs\Python\Python313\Scripts;C:\Users\jerem\AppData\Local\ffmpeg\bin;;C:\Users\jerem\AppData\Local\ELAN_7.1\app
USERNAME=jerem
OS=Windows_NT
PROCESSOR_IDENTIFIER=Intel64 Family 6 Model 186 Stepping 2, GenuineIntel
TMP=C:\Users\jerem\AppData\Local\Temp
TEMP=C:\Users\jerem\AppData\Local\Temp




Compilation memory statistics disabled.

Periodic native trim disabled

---------------  S Y S T E M  ---------------

OS:
 Windows 11 , 64 bit Build 26100 (10.0.26100.8246)
OS uptime: 26 days 6:57 hours
Hyper-V role detected

CPU: total 16 (initial active 16) (hybrid) family 6 model 186 stepping 2 microcode 0x4123, cx8, cmov, fxsr, ht, mmx, 3dnowpref, sse, sse2, sse3, ssse3, sse4.1, sse4.2, popcnt, lzcnt, tsc, tscinvbit, avx, avx2, aes, erms, clmul, bmi1, bmi2, adx, sha, fma, vzeroupper, clflush, clflushopt, clwb, hv, serialize, rdtscp, rdpid, fsrm, gfni, f16c, cet_ibt, cet_ss, hybrid
Processor Information for processor 0
  Max Mhz: 1900, Current Mhz: 79, Mhz Limit: 1900
Processor Information for processor 1
  Max Mhz: 1900, Current Mhz: 79, Mhz Limit: 1900
Processor Information for processor 2
  Max Mhz: 1900, Current Mhz: 1900, Mhz Limit: 1900
Processor Information for processor 3
  Max Mhz: 1900, Current Mhz: 1900, Mhz Limit: 1900
Processor Information for processor 4
  Max Mhz: 1900, Current Mhz: 1900, Mhz Limit: 1900
Processor Information for processor 5
  Max Mhz: 1900, Current Mhz: 1900, Mhz Limit: 1900
Processor Information for processor 6
  Max Mhz: 1900, Current Mhz: 79, Mhz Limit: 1900
Processor Information for processor 7
  Max Mhz: 1900, Current Mhz: 79, Mhz Limit: 1900
Processor Information for processor 8
  Max Mhz: 1900, Current Mhz: 100, Mhz Limit: 1387
Processor Information for processor 9
  Max Mhz: 1900, Current Mhz: 100, Mhz Limit: 1387
Processor Information for processor 10
  Max Mhz: 1900, Current Mhz: 100, Mhz Limit: 1387
Processor Information for processor 11
  Max Mhz: 1900, Current Mhz: 100, Mhz Limit: 1387
Processor Information for processor 12
  Max Mhz: 1900, Current Mhz: 100, Mhz Limit: 1387
Processor Information for processor 13
  Max Mhz: 1900, Current Mhz: 100, Mhz Limit: 1387
Processor Information for processor 14
  Max Mhz: 1900, Current Mhz: 100, Mhz Limit: 1387
Processor Information for processor 15
  Max Mhz: 1900, Current Mhz: 100, Mhz Limit: 1387

Memory: 4k page, system-wide physical 16095M (3545M free)
TotalPageFile size 34592M (AvailPageFile size 14395M)
current process WorkingSet (physical memory assigned to process): 368M, peak: 388M
current process commit charge ("private bytes"): 406M, peak: 462M

vm_info: OpenJDK 64-Bit Server VM (26+35-2893) for windows-amd64 JRE (26+35-2893), built on 2026-02-12T17:04:02Z with MS VC++ 17.13 (VS2022)

END.
